Archive member included to satisfy reference by file (symbol)

d:/gcc-arm-none-eabi-5_4-2016q3-20160926-win32/bin/../lib/gcc/arm-none-eabi/5.4.1/../../../../arm-none-eabi/lib/armv7e-m/fpu\libc_nano.a(lib_a-atof.o)
                              build/gps.o (atof)
d:/gcc-arm-none-eabi-5_4-2016q3-20160926-win32/bin/../lib/gcc/arm-none-eabi/5.4.1/../../../../arm-none-eabi/lib/armv7e-m/fpu\libc_nano.a(lib_a-atoi.o)
                              build/gps.o (atoi)
d:/gcc-arm-none-eabi-5_4-2016q3-20160926-win32/bin/../lib/gcc/arm-none-eabi/5.4.1/../../../../arm-none-eabi/lib/armv7e-m/fpu\libc_nano.a(lib_a-bcmp.o)
                              build/sim800.o (bcmp)
d:/gcc-arm-none-eabi-5_4-2016q3-20160926-win32/bin/../lib/gcc/arm-none-eabi/5.4.1/../../../../arm-none-eabi/lib/armv7e-m/fpu\libc_nano.a(lib_a-exit.o)
                              d:/gcc-arm-none-eabi-5_4-2016q3-20160926-win32/bin/../lib/gcc/arm-none-eabi/5.4.1/../../../../arm-none-eabi/lib/armv7e-m/fpu/crt0.o (exit)
d:/gcc-arm-none-eabi-5_4-2016q3-20160926-win32/bin/../lib/gcc/arm-none-eabi/5.4.1/../../../../arm-none-eabi/lib/armv7e-m/fpu\libc_nano.a(lib_a-gmtime.o)
                              build/mqtt.o (gmtime)
d:/gcc-arm-none-eabi-5_4-2016q3-20160926-win32/bin/../lib/gcc/arm-none-eabi/5.4.1/../../../../arm-none-eabi/lib/armv7e-m/fpu\libc_nano.a(lib_a-gmtime_r.o)
                              d:/gcc-arm-none-eabi-5_4-2016q3-20160926-win32/bin/../lib/gcc/arm-none-eabi/5.4.1/../../../../arm-none-eabi/lib/armv7e-m/fpu\libc_nano.a(lib_a-gmtime.o) (gmtime_r)
d:/gcc-arm-none-eabi-5_4-2016q3-20160926-win32/bin/../lib/gcc/arm-none-eabi/5.4.1/../../../../arm-none-eabi/lib/armv7e-m/fpu\libc_nano.a(lib_a-impure.o)
                              d:/gcc-arm-none-eabi-5_4-2016q3-20160926-win32/bin/../lib/gcc/arm-none-eabi/5.4.1/../../../../arm-none-eabi/lib/armv7e-m/fpu\libc_nano.a(lib_a-exit.o) (_global_impure_ptr)
d:/gcc-arm-none-eabi-5_4-2016q3-20160926-win32/bin/../lib/gcc/arm-none-eabi/5.4.1/../../../../arm-none-eabi/lib/armv7e-m/fpu\libc_nano.a(lib_a-init.o)
                              d:/gcc-arm-none-eabi-5_4-2016q3-20160926-win32/bin/../lib/gcc/arm-none-eabi/5.4.1/../../../../arm-none-eabi/lib/armv7e-m/fpu/crt0.o (__libc_init_array)
d:/gcc-arm-none-eabi-5_4-2016q3-20160926-win32/bin/../lib/gcc/arm-none-eabi/5.4.1/../../../../arm-none-eabi/lib/armv7e-m/fpu\libc_nano.a(lib_a-lcltime.o)
                              build/onenet.o (localtime)
d:/gcc-arm-none-eabi-5_4-2016q3-20160926-win32/bin/../lib/gcc/arm-none-eabi/5.4.1/../../../../arm-none-eabi/lib/armv7e-m/fpu\libc_nano.a(lib_a-lcltime_r.o)
                              d:/gcc-arm-none-eabi-5_4-2016q3-20160926-win32/bin/../lib/gcc/arm-none-eabi/5.4.1/../../../../arm-none-eabi/lib/armv7e-m/fpu\libc_nano.a(lib_a-lcltime.o) (localtime_r)
d:/gcc-arm-none-eabi-5_4-2016q3-20160926-win32/bin/../lib/gcc/arm-none-eabi/5.4.1/../../../../arm-none-eabi/lib/armv7e-m/fpu\libc_nano.a(lib_a-locale.o)
                              build/cJSON.o (__locale_ctype_ptr)
d:/gcc-arm-none-eabi-5_4-2016q3-20160926-win32/bin/../lib/gcc/arm-none-eabi/5.4.1/../../../../arm-none-eabi/lib/armv7e-m/fpu\libc_nano.a(lib_a-malloc.o)
                              build/cJSON.o (malloc)
d:/gcc-arm-none-eabi-5_4-2016q3-20160926-win32/bin/../lib/gcc/arm-none-eabi/5.4.1/../../../../arm-none-eabi/lib/armv7e-m/fpu\libc_nano.a(lib_a-mbtowc_r.o)
                              d:/gcc-arm-none-eabi-5_4-2016q3-20160926-win32/bin/../lib/gcc/arm-none-eabi/5.4.1/../../../../arm-none-eabi/lib/armv7e-m/fpu\libc_nano.a(lib_a-locale.o) (__ascii_mbtowc)
d:/gcc-arm-none-eabi-5_4-2016q3-20160926-win32/bin/../lib/gcc/arm-none-eabi/5.4.1/../../../../arm-none-eabi/lib/armv7e-m/fpu\libc_nano.a(lib_a-memcmp.o)
                              d:/gcc-arm-none-eabi-5_4-2016q3-20160926-win32/bin/../lib/gcc/arm-none-eabi/5.4.1/../../../../arm-none-eabi/lib/armv7e-m/fpu\libc_nano.a(lib_a-bcmp.o) (memcmp)
d:/gcc-arm-none-eabi-5_4-2016q3-20160926-win32/bin/../lib/gcc/arm-none-eabi/5.4.1/../../../../arm-none-eabi/lib/armv7e-m/fpu\libc_nano.a(lib_a-memcpy-stub.o)
                              build/queue.o (memcpy)
d:/gcc-arm-none-eabi-5_4-2016q3-20160926-win32/bin/../lib/gcc/arm-none-eabi/5.4.1/../../../../arm-none-eabi/lib/armv7e-m/fpu\libc_nano.a(lib_a-memmove.o)
                              build/mqtt.o (memmove)
d:/gcc-arm-none-eabi-5_4-2016q3-20160926-win32/bin/../lib/gcc/arm-none-eabi/5.4.1/../../../../arm-none-eabi/lib/armv7e-m/fpu\libc_nano.a(lib_a-memset.o)
                              d:/gcc-arm-none-eabi-5_4-2016q3-20160926-win32/bin/../lib/gcc/arm-none-eabi/5.4.1/../../../../arm-none-eabi/lib/armv7e-m/fpu/crt0.o (memset)
d:/gcc-arm-none-eabi-5_4-2016q3-20160926-win32/bin/../lib/gcc/arm-none-eabi/5.4.1/../../../../arm-none-eabi/lib/armv7e-m/fpu\libc_nano.a(lib_a-month_lengths.o)
[...]
Memory Configuration

Name             Origin             Length             Attributes
RAM              0x20000000         0x00006000         xrw
FLASH            0x08000000         0x00020000         xr
*default*        0x00000000         0xffffffff

Linker script and memory map

LOAD d:/gcc-arm-none-eabi-5_4-2016q3-20160926-win32/bin/../lib/gcc/arm-none-eabi/5.4.1/armv7e-m/fpu/crti.o
LOAD d:/gcc-arm-none-eabi-5_4-2016q3-20160926-win32/bin/../lib/gcc/arm-none-eabi/5.4.1/armv7e-m/fpu/crtbegin.o
LOAD d:/gcc-arm-none-eabi-5_4-2016q3-20160926-win32/bin/../lib/gcc/arm-none-eabi/5.4.1/../../../../arm-none-eabi/lib/armv7e-m/fpu/crt0.o
LOAD build/system_stm32f37x.o
LOAD build/croutine.o
LOAD build/list.o
LOAD build/queue.o
LOAD build/heap_2.o
LOAD build/mpu_wrappers.o
LOAD build/port.o
LOAD build/tasks.o
LOAD build/timers.o
LOAD build/cJSON.o
LOAD build/mqtt.o
LOAD build/mqtt_buffer.o
LOAD build/utils.o
LOAD build/stm32f37x_adc.o
LOAD build/stm32f37x_can.o
LOAD build/stm32f37x_cec.o
LOAD build/stm32f37x_comp.o
LOAD build/stm32f37x_crc.o
LOAD build/stm32f37x_dac.o
LOAD build/stm32f37x_dbgmcu.o
LOAD build/stm32f37x_dma.o
LOAD build/stm32f37x_exti.o
LOAD build/stm32f37x_flash.o
LOAD build/stm32f37x_gpio.o
LOAD build/stm32f37x_i2c.o
LOAD build/stm32f37x_iwdg.o
LOAD build/stm32f37x_misc.o
LOAD build/stm32f37x_pwr.o
LOAD build/stm32f37x_rcc.o
LOAD build/stm32f37x_rtc.o
LOAD build/stm32f37x_sdadc.o
LOAD build/stm32f37x_spi.o
LOAD build/stm32f37x_syscfg.o
LOAD build/stm32f37x_tim.o
LOAD build/stm32f37x_usart.o
LOAD build/stm32f37x_wwdg.o
LOAD build/flash.o
LOAD build/gpio.o
LOAD build/gps.o
LOAD build/main.o
LOAD build/onenet.o
LOAD build/sim800.o
LOAD build/stm32f37x_it.o
LOAD build/uart.o
LOAD build/startup_stm32f37x.o
LOAD d:/gcc-arm-none-eabi-5_4-2016q3-20160926-win32/bin/../lib/gcc/arm-none-eabi/5.4.1/../../../../arm-none-eabi/lib/armv7e-m/fpu\libc_nano.a
LOAD d:/gcc-arm-none-eabi-5_4-2016q3-20160926-win32/bin/../lib/gcc/arm-none-eabi/5.4.1/../../../../arm-none-eabi/lib/armv7e-m/fpu\libm.a
LOAD d:/gcc-arm-none-eabi-5_4-2016q3-20160926-win32/bin/../lib/gcc/arm-none-eabi/5.4.1/../../../../arm-none-eabi/lib/armv7e-m/fpu\libnosys.a
START GROUP
LOAD d:/gcc-arm-none-eabi-5_4-2016q3-20160926-win32/bin/../lib/gcc/arm-none-eabi/5.4.1/armv7e-m/fpu\libgcc.a
LOAD d:/gcc-arm-none-eabi-5_4-2016q3-20160926-win32/bin/../lib/gcc/arm-none-eabi/5.4.1/../../../../arm-none-eabi/lib/armv7e-m/fpu\libc_nano.a
END GROUP
START GROUP
LOAD d:/gcc-arm-none-eabi-5_4-2016q3-20160926-win32/bin/../lib/gcc/arm-none-eabi/5.4.1/armv7e-m/fpu\libgcc.a
LOAD d:/gcc-arm-none-eabi-5_4-2016q3-20160926-win32/bin/../lib/gcc/arm-none-eabi/5.4.1/../../../../arm-none-eabi/lib/armv7e-m/fpu\libc_nano.a
END GROUP
LOAD d:/gcc-arm-none-eabi-5_4-2016q3-20160926-win32/bin/../lib/gcc/arm-none-eabi/5.4.1/armv7e-m/fpu/crtend.o
LOAD d:/gcc-arm-none-eabi-5_4-2016q3-20160926-win32/bin/../lib/gcc/arm-none-eabi/5.4.1/armv7e-m/fpu/crtn.o
                0x20004000                _estack = 0x20004000
                0x00000020                _Min_Heap_Size = 0x20
                0x00000100                _Min_Stack_Size = 0x100

.isr_vector     0x08000000      0x188
                0x08000000                . = ALIGN (0x4)
 *(.isr_vector)
 .isr_vector    0x08000000      0x188 build/startup_stm32f37x.o
                0x08000000                g_pfnVectors
                0x08000188                . = ALIGN (0x4)

.text           0x08000190     0x82c4
                0x08000190                . = ALIGN (0x4)
 *(.text)
 .text          0x08000190       0x5c d:/gcc-arm-none-eabi-5_4-2016q3-20160926-win32/bin/../lib/gcc/arm-none-eabi/5.4.1/armv7e-m/fpu/crtbegin.o
 .text          0x080001ec       0x14 d:/gcc-arm-none-eabi-5_4-2016q3-20160926-win32/bin/../lib/gcc/arm-none-eabi/5.4.1/../../../../arm-none-eabi/lib/armv7e-m/fpu\libc_nano.a(lib_a-strcmp.o)
                0x080001ec                strcmp
 .text          0x08000200       0x10 d:/gcc-arm-none-eabi-5_4-2016q3-20160926-win32/bin/../lib/gcc/arm-none-eabi/5.4.1/../../../../arm-none-eabi/lib/armv7e-m/fpu\libc_nano.a(lib_a-strlen.o)
                0x08000200                strlen
 .text          0x08000210       0xa0 d:/gcc-arm-none-eabi-5_4-2016q3-20160926-win32/bin/../lib/gcc/arm-none-eabi/5.4.1/../../../../arm-none-eabi/lib/armv7e-m/fpu\libc_nano.a(lib_a-memchr.o)
                0x08000210                memchr
 .text          0x080002b0      0x370 d:/gcc-arm-none-eabi-5_4-2016q3-20160926-win32/bin/../lib/gcc/arm-none-eabi/5.4.1/armv7e-m/fpu\libgcc.a(_arm_addsubdf3.o)
                0x080002b0                __aeabi_drsub
                0x080002b8                __aeabi_dsub
                0x080002b8                __subdf3
                0x080002bc                __aeabi_dadd
                0x080002bc                __adddf3
                0x08000534                __floatunsidf
                0x08000534                __aeabi_ui2d
                0x08000554                __floatsidf
                0x08000554                __aeabi_i2d
                0x08000578                __aeabi_f2d
                0x08000578                __extendsfdf2
                0x080005b4                __floatundidf
                0x080005b4                __aeabi_ul2d
                0x080005c4                __floatdidf
                0x080005c4                __aeabi_l2d
 .text          0x08000620      0x424 d:/gcc-arm-none-eabi-5_4-2016q3-20160926-win32/bin/../lib/gcc/arm-none-eabi/5.4.1/armv7e-m/fpu\libgcc.a(_arm_muldivdf3.o)
                0x08000620                __aeabi_dmul
                0x08000620                __muldf3
                0x08000874                __divdf3
                0x08000874                __aeabi_ddiv
 .text          0x08000a44      0x110 d:/gcc-arm-none-eabi-5_4-2016q3-20160926-win32/bin/../lib/gcc/arm-none-eabi/5.4.1/armv7e-m/fpu\libgcc.a(_arm_cmpdf2.o)
                0x08000a44                __gtdf2
                0x08000a44                __gedf2
                0x08000a4c                __ltdf2
                0x08000a4c                __ledf2
                0x08000a54                __nedf2
                0x08000a54                __eqdf2
                0x08000a54                __cmpdf2
                0x08000ad0                __aeabi_cdrcmple
                0x08000ae0                __aeabi_cdcmpeq
                0x08000ae0                __aeabi_cdcmple
                0x08000af0                __aeabi_dcmpeq
                0x08000b04                __aeabi_dcmplt
                0x08000b18                __aeabi_dcmple
                0x08000b2c                __aeabi_dcmpge
                0x08000b40                __aeabi_dcmpgt
 .text          0x08000b54       0x50 d:/gcc-arm-none-eabi-5_4-2016q3-20160926-win32/bin/../lib/gcc/arm-none-eabi/5.4.1/armv7e-m/fpu\libgcc.a(_arm_fixdfsi.o)
                0x08000b54                __aeabi_d2iz
                0x08000b54                __fixdfsi
 .text          0x08000ba4       0x40 d:/gcc-arm-none-eabi-5_4-2016q3-20160926-win32/bin/../lib/gcc/arm-none-eabi/5.4.1/armv7e-m/fpu\libgcc.a(_arm_fixunsdfsi.o)
                0x08000ba4                __aeabi_d2uiz
                0x08000ba4                __fixunsdfsi
 .text          0x08000be4       0xa0 d:/gcc-arm-none-eabi-5_4-2016q3-20160926-win32/bin/../lib/gcc/arm-none-eabi/5.4.1/armv7e-m/fpu\libgcc.a(_arm_truncdfsf2.o)
                0x08000be4                __truncdfsf2
                0x08000be4                __aeabi_d2f
 .text          0x08000c84       0xa0 d:/gcc-arm-none-eabi-5_4-2016q3-20160926-win32/bin/../lib/gcc/arm-none-eabi/5.4.1/armv7e-m/fpu\libgcc.a(_aeabi_ldivmod.o)
                0x08000c84                __aeabi_ldivmod
 .text          0x08000d24      0x2e4 d:/gcc-arm-none-eabi-5_4-2016q3-20160926-win32/bin/../lib/gcc/arm-none-eabi/5.4.1/armv7e-m/fpu\libgcc.a(_udivmoddi4.o)
                0x08000d24                __udivmoddi4
 .text          0x08001008        0x4 d:/gcc-arm-none-eabi-5_4-2016q3-20160926-win32/bin/../lib/gcc/arm-none-eabi/5.4.1/armv7e-m/fpu\libgcc.a(_dvmd_tls.o)
                0x08001008                __aeabi_idiv0
                0x08001008                __aeabi_ldiv0
 *(.text*)
 .text.SetSysClock
                0x0800100c       0xb0 build/system_stm32f37x.o
 .text.SystemInit
                0x080010bc       0x6c build/system_stm32f37x.o
                0x080010bc                SystemInit
 .text.vListInitialise
                0x08001128       0x18 build/list.o
                0x08001128                vListInitialise
 .text.vListInitialiseItem
                0x08001140        0x8 build/list.o
                0x08001140                vListInitialiseItem
 .text.vListInsertEnd
                0x08001148       0x18 build/list.o
                0x08001148                vListInsertEnd
 .text.vListInsert
                0x08001160       0x34 build/list.o
                0x08001160                vListInsert
 .text.uxListRemove
                0x08001194       0x24 build/list.o
                0x08001194                uxListRemove
 .text.prvHeapInit
                0x080011b8       0x2c build/heap_2.o
 .text.pvPortMalloc
                0x080011e4       0xa4 build/heap_2.o
                0x080011e4                pvPortMalloc
 .text.vPortFree
                0x08001288       0x44 build/heap_2.o
                0x08001288                vPortFree
 .text.prvTaskExitError
                0x080012cc       0x34 build/port.o
 .text.prvPortStartFirstTask
                0x08001300       0x20 build/port.o
 .text.vPortEnableVFP
                0x08001320       0x14 build/port.o
 .text.pxPortInitialiseStack
                0x08001334       0x2c build/port.o
                0x08001334                pxPortInitialiseStack
 .text.SVC_Handler
                0x08001360       0x24 build/port.o
                0x08001360                SVC_Handler
 .text.vPortEnterCritical
                0x08001384       0x44 build/port.o
                0x08001384                vPortEnterCritical
 .text.vPortExitCritical
                0x080013c8       0x2c build/port.o
                0x080013c8                vPortExitCritical
 *fill*         0x080013f4        0xc 
 .text.PendSV_Handler
                0x08001400       0x64 build/port.o
                0x08001400                PendSV_Handler
 .text.SysTick_Handler
                0x08001464       0x2c build/port.o
                0x08001464                SysTick_Handler
 .text.vPortSetupTimerInterrupt
                0x08001490       0x2c build/port.o
                0x08001490                vPortSetupTimerInterrupt
 .text.xPortStartScheduler
                0x080014bc       0xec build/port.o
                0x080014bc                xPortStartScheduler
 .text.prvResetNextTaskUnblockTime
                0x080015a8       0x34 build/tasks.o
 .text.prvDeleteTCB
                0x080015dc       0x14 build/tasks.o
 .text.prvInitialiseNewTask
                0x080015f0       0x80 build/tasks.o
 .text.prvInitialiseTaskLists
                0x08001670       0x68 build/tasks.o
 .text.prvAddNewTaskToReadyList
                0x080016d8       0xa8 build/tasks.o
 .text.prvAddCurrentTaskToDelayedList
                0x08001780       0x98 build/tasks.o
 .text.xTaskCreate
                0x08001818       0x64 build/tasks.o
                0x08001818                xTaskCreate
 .text.vTaskStartScheduler
                0x0800187c       0x7c build/tasks.o
                0x0800187c                vTaskStartScheduler
 .text.vTaskSuspendAll
                0x080018f8       0x10 build/tasks.o
                0x080018f8                vTaskSuspendAll
 .text.xTaskIncrementTick
                0x08001908      0x124 build/tasks.o
                0x08001908                xTaskIncrementTick
 .text.xTaskResumeAll
                0x08001a2c       0xf8 build/tasks.o
                0x08001a2c                xTaskResumeAll
 .text.vTaskDelay
                0x08001b24       0x50 build/tasks.o
                0x08001b24                vTaskDelay
 .text.prvCheckTasksWaitingTermination
                0x08001b74       0x54 build/tasks.o
 .text.prvIdleTask
                0x08001bc8       0x28 build/tasks.o
 .text.vTaskSwitchContext
                0x08001bf0       0x94 build/tasks.o
                0x08001bf0                vTaskSwitchContext
 .text.Mqtt_IsLegalUtf8
                0x08001c84       0xc4 build/mqtt.o
 .text.Mqtt_CheckUtf8
                0x08001d48       0x3c build/mqtt.o
 .text.Mqtt_RB16
                0x08001d84        0xc build/mqtt.o
                0x08001d84                Mqtt_RB16
 .text.Mqtt_WB16
                0x08001d90        0x8 build/mqtt.o
                0x08001d90                Mqtt_WB16
 .text.Mqtt_PackPubRelPkt
                0x08001d98       0x38 build/mqtt.o
 .text.Mqtt_PackPubCompPkt
                0x08001dd0       0x40 build/mqtt.o
 .text.Mqtt_PackPubRecPkt
                0x08001e10       0x40 build/mqtt.o
 .text.Mqtt_PackPubAckPkt
                0x08001e50       0x40 build/mqtt.o
 .text.Mqtt_ReadLength
                0x08001e90       0x40 build/mqtt.o
                0x08001e90                Mqtt_ReadLength
 .text.Mqtt_DumpLength
                0x08001ed0       0x28 build/mqtt.o
                0x08001ed0                Mqtt_DumpLength
 .text.Mqtt_PktWriteString
                0x08001ef8       0x28 build/mqtt.o
                0x08001ef8                Mqtt_PktWriteString
 .text.Mqtt_CheckClentIdentifier
                0x08001f20       0x2c build/mqtt.o
                0x08001f20                Mqtt_CheckClentIdentifier
 .text.Mqtt_HandlePingResp
                0x08001f4c       0x1c build/mqtt.o
                0x08001f4c                Mqtt_HandlePingResp
 .text.Mqtt_HandleConnAck
                0x08001f68       0x38 build/mqtt.o
                0x08001f68                Mqtt_HandleConnAck
 .text.Mqtt_HandlePubAck
                0x08001fa0       0x30 build/mqtt.o
                0x08001fa0                Mqtt_HandlePubAck
 .text.Mqtt_HandlePubComp
                0x08001fd0       0x30 build/mqtt.o
                0x08001fd0                Mqtt_HandlePubComp
 .text.Mqtt_HandleSubAck
                0x08002000       0x5c build/mqtt.o
                0x08002000                Mqtt_HandleSubAck
 .text.Mqtt_HandleUnsubAck
                0x0800205c       0x30 build/mqtt.o
                0x0800205c                Mqtt_HandleUnsubAck
 .text.Mqtt_InitContext
                0x0800208c       0x28 build/mqtt.o
                0x0800208c                Mqtt_InitContext
 .text.Mqtt_SendPkt
                0x080020b4       0xac build/mqtt.o
                0x080020b4                Mqtt_SendPkt
 .text.Mqtt_HandlePubRec
                0x08002160       0x68 build/mqtt.o
                0x08002160                Mqtt_HandlePubRec
 .text.Mqtt_HandlePubRel
                0x080021c8       0x68 build/mqtt.o
                0x080021c8                Mqtt_HandlePubRel
 .text.Mqtt_HandlePublish
                0x08002230      0x1bc build/mqtt.o
 .text.Mqtt_Dispatch
                0x080023ec       0x6c build/mqtt.o
 .text.Mqtt_RecvPkt
                0x08002458       0xc4 build/mqtt.o
                0x08002458                Mqtt_RecvPkt
 .text.Mqtt_PackConnectPkt
                0x0800251c      0x218 build/mqtt.o
                0x0800251c                Mqtt_PackConnectPkt
 .text.Mqtt_PackPublishPkt
                0x08002734      0x12c build/mqtt.o
                0x08002734                Mqtt_PackPublishPkt
 .text.MqttBuffer_Init
                0x08002860       0x14 build/mqtt_buffer.o
                0x08002860                MqttBuffer_Init
 .text.MqttBuffer_Reset
                0x08002874       0x28 build/mqtt_buffer.o
                0x08002874                MqttBuffer_Reset
 .text.MqttBuffer_Destroy
                0x0800289c        0x8 build/mqtt_buffer.o
                0x0800289c                MqttBuffer_Destroy
 .text.MqttBuffer_AllocExtent
                0x080028a4       0xa4 build/mqtt_buffer.o
                0x080028a4                MqttBuffer_AllocExtent
 .text.MqttBuffer_AppendExtent
                0x08002948       0x1c build/mqtt_buffer.o
                0x08002948                MqttBuffer_AppendExtent
 .text.MqttBuffer_Append
                0x08002964       0x4c build/mqtt_buffer.o
                0x08002964                MqttBuffer_Append
 .text.mDelay   0x080029b0       0x18 build/utils.o
                0x080029b0                mDelay
 .text.FLASH_SetLatency
                0x080029c8       0x14 build/stm32f37x_flash.o
                0x080029c8                FLASH_SetLatency
 .text.FLASH_ClearFlag
                0x080029dc        0xc build/stm32f37x_flash.o
                0x080029dc                FLASH_ClearFlag
 .text.GPIO_Init
                0x080029e8       0x94 build/stm32f37x_gpio.o
                0x080029e8                GPIO_Init
 .text.GPIO_SetBits
                0x08002a7c        0x4 build/stm32f37x_gpio.o
                0x08002a7c                GPIO_SetBits
 .text.GPIO_ResetBits
                0x08002a80        0x4 build/stm32f37x_gpio.o
                0x08002a80                GPIO_ResetBits
 .text.GPIO_WriteBit
                0x08002a84        0xc build/stm32f37x_gpio.o
                0x08002a84                GPIO_WriteBit
 .text.GPIO_PinAFConfig
                0x08002a90       0x30 build/stm32f37x_gpio.o
                0x08002a90                GPIO_PinAFConfig
 .text.NVIC_Init
                0x08002ac0       0x64 build/stm32f37x_misc.o
                0x08002ac0                NVIC_Init
 .text.RCC_GetClocksFreq
                0x08002b24      0x1d8 build/stm32f37x_rcc.o
                0x08002b24                RCC_GetClocksFreq
 .text.RCC_AHBPeriphClockCmd
                0x08002cfc       0x1c build/stm32f37x_rcc.o
                0x08002cfc                RCC_AHBPeriphClockCmd
 .text.RCC_APB2PeriphClockCmd
                0x08002d18       0x1c build/stm32f37x_rcc.o
                0x08002d18                RCC_APB2PeriphClockCmd
 .text.RCC_APB1PeriphClockCmd
                0x08002d34       0x1c build/stm32f37x_rcc.o
                0x08002d34                RCC_APB1PeriphClockCmd
 .text.USART_Init
                0x08002d50       0xac build/stm32f37x_usart.o
                0x08002d50                USART_Init
 .text.USART_Cmd
                0x08002dfc       0x18 build/stm32f37x_usart.o
                0x08002dfc                USART_Cmd
 .text.USART_OverSampling8Cmd
                0x08002e14       0x18 build/stm32f37x_usart.o
                0x08002e14                USART_OverSampling8Cmd
 .text.USART_SendData
                0x08002e2c        0x8 build/stm32f37x_usart.o
                0x08002e2c                USART_SendData
 .text.USART_ReceiveData
                0x08002e34        0x8 build/stm32f37x_usart.o
                0x08002e34                USART_ReceiveData
 .text.USART_ITConfig
                0x08002e3c       0x38 build/stm32f37x_usart.o
                0x08002e3c                USART_ITConfig
 .text.USART_GetFlagStatus
                0x08002e74       0x10 build/stm32f37x_usart.o
                0x08002e74                USART_GetFlagStatus
 .text.USART_ClearFlag
                0x08002e84        0x4 build/stm32f37x_usart.o
                0x08002e84                USART_ClearFlag
 .text.USART_GetITStatus
                0x08002e88       0x44 build/stm32f37x_usart.o
                0x08002e88                USART_GetITStatus
 .text.USART_ClearITPendingBit
                0x08002ecc        0xc build/stm32f37x_usart.o
                0x08002ecc                USART_ClearITPendingBit
 .text.vInnerFlash_Init
                0x08002ed8       0x10 build/flash.o
                0x08002ed8                vInnerFlash_Init
 .text.vRunLed_Init
                0x08002ee8       0x38 build/gpio.o
                0x08002ee8                vRunLed_Init
 .text.GprmcFill
                0x08002f20       0xe8 build/gps.o
 .text.pGetGprmc
                0x08003008       0x28 build/gps.o
 .text.vGps_PDen
                0x08003030       0x10 build/gps.o
 .text.vGps_PEn
                0x08003040       0x10 build/gps.o
 .text.vGps_Init
                0x08003050       0xc8 build/gps.o
 .text.vTaskRunLed
                0x08003118       0x24 build/main.o
                0x08003118                vTaskRunLed
 *fill*         0x0800313c        0x4 
 .text.vTaskPublish
                0x08003140       0x40 build/main.o
                0x08003140                vTaskPublish
 .text.vBoardInit
                0x08003180       0x18 build/main.o
                0x08003180                vBoardInit
 .text.vSim800_TCPInit
                0x08003198      0x10c build/main.o
                0x08003198                vSim800_TCPInit
 .text.main     0x080032a4       0x5c build/main.o
                0x080032a4                main
 .text.MqttSample_HandlePingResp
                0x08003300       0x10 build/onenet.o
 .text.MqttSample_HandleUnsubAck
                0x08003310       0x10 build/onenet.o
 .text.MqttSample_HandleSubAck
                0x08003320       0x30 build/onenet.o
 .text.MqttSample_HandlePubComp
                0x08003350       0x10 build/onenet.o
 .text.MqttSample_HandlePubRel
                0x08003360       0x14 build/onenet.o
 .text.MqttSample_HandlePubRec
                0x08003374       0x14 build/onenet.o
 .text.MqttSample_HandlePubAck
                0x08003388       0x10 build/onenet.o
 .text.MqttSample_HandleConnAck
                0x08003398       0x10 build/onenet.o
 .text.MqttSample_HandlePublish
                0x080033a8       0x94 build/onenet.o
 .text.MqttSample_Init
                0x0800343c       0xc4 build/onenet.o
 .text.MqttSample_HandleCmd
                0x08003500      0x128 build/onenet.o
 .text.MqttSample_RecvPkt
                0x08003628       0x28 build/onenet.o
 .text.MqttSample_Connect
                0x08003650       0x6c build/onenet.o
 .text.sendPkt  0x080036bc       0x40 build/onenet.o
                0x080036bc                sendPkt
 .text.MqttSample_SendPkt
                0x080036fc       0x7c build/onenet.o
 .text.MqttSample_Savedata11
                0x08003778      0x134 build/onenet.o
                0x08003778                MqttSample_Savedata11
 .text.MqttSample_Savedata
                0x080038ac       0x34 build/onenet.o
 .text.onenetConnect
                0x080038e0       0x78 build/onenet.o
                0x080038e0                onenetConnect
 .text.onenetSendData
                0x08003958       0x28 build/onenet.o
                0x08003958                onenetSendData
 .text.vSysTickInit
                0x08003980       0x2c build/sim800.o
 .text.vDelay   0x080039ac       0x20 build/sim800.o
 .text.Sim800Read
                0x080039cc       0x18 build/sim800.o
 .text.vSim800AutoReadEn
                0x080039e4       0x1c build/sim800.o
 .text.dwSim800SendData
                0x08003a00       0x60 build/sim800.o
 .text.blSim800SendCmd
                0x08003a60      0x178 build/sim800.o
 .text.vSim800_OnOff
                0x08003bd8       0x34 build/sim800.o
 .text.vSim800_PDen
                0x08003c0c       0x10 build/sim800.o
 .text.vSim800_pEn
                0x08003c1c       0x10 build/sim800.o
 .text.vSim800_HardInit
                0x08003c2c       0xc8 build/sim800.o
 .text.vSim800GPRSInit
                0x08003cf4       0x54 build/sim800.o
                0x08003cf4                vSim800GPRSInit
 .text.NMI_Handler
                0x08003d48        0x4 build/stm32f37x_it.o
                0x08003d48                NMI_Handler
 .text.HardFault_Handler
                0x08003d4c        0x4 build/stm32f37x_it.o
                0x08003d4c                HardFault_Handler
 .text.MemManage_Handler
                0x08003d50        0x4 build/stm32f37x_it.o
                0x08003d50                MemManage_Handler
 .text.BusFault_Handler
                0x08003d54        0x4 build/stm32f37x_it.o
                0x08003d54                BusFault_Handler
 .text.UsageFault_Handler
                0x08003d58        0x4 build/stm32f37x_it.o
                0x08003d58                UsageFault_Handler
 .text.DebugMon_Handler
                0x08003d5c        0x4 build/stm32f37x_it.o
                0x08003d5c                DebugMon_Handler
 .text.USART1_IRQHandler
                0x08003d60      0x100 build/stm32f37x_it.o
                0x08003d60                USART1_IRQHandler
 .text.USART2_IRQHandler
                0x08003e60        0x4 build/stm32f37x_it.o
                0x08003e60                USART2_IRQHandler
 .text.USART3_IRQHandler
                0x08003e64       0xe4 build/stm32f37x_it.o
                0x08003e64                USART3_IRQHandler
 .text.TIM2_IRQHandler
                0x08003f48        0x4 build/stm32f37x_it.o
                0x08003f48                TIM2_IRQHandler
 .text.uwBuf_EmpLen
                0x08003f4c       0x2c build/uart.o
                0x08003f4c                uwBuf_EmpLen
 .text.uwBuf_UnReadLen
                0x08003f78       0x2c build/uart.o
                0x08003f78                uwBuf_UnReadLen
 .text.Uart_OnceWrite
                0x08003fa4       0xc4 build/uart.o
                0x08003fa4                Uart_OnceWrite
 .text.Uart_OnceRead
                0x08004068       0xa4 build/uart.o
                0x08004068                Uart_OnceRead
 .text.Uart_Read
                0x0800410c       0x78 build/uart.o
                0x0800410c                Uart_Read
 .text.Reset_Handler
                0x08004184       0x48 build/startup_stm32f37x.o
                0x08004184                Reset_Handler
 .text.Default_Handler
                0x080041cc        0x2 build/startup_stm32f37x.o
                0x080041cc                RTC_Alarm_IRQHandler
                0x080041cc                USB_HP_IRQHandler
                0x080041cc                PVD_IRQHandler
                0x080041cc                EXTI3_IRQHandler
                0x080041cc                EXTI0_IRQHandler
                0x080041cc                I2C2_EV_IRQHandler
                0x080041cc                CAN1_RX0_IRQHandler
                0x080041cc                FPU_IRQHandler
                0x080041cc                EXTI2_TS_IRQHandler
                0x080041cc                SPI1_IRQHandler
                0x080041cc                DMA2_Channel2_IRQHandler
                0x080041cc                DMA1_Channel4_IRQHandler
                0x080041cc                ADC1_IRQHandler
                0x080041cc                TIM17_IRQHandler
                0x080041cc                DMA1_Channel7_IRQHandler
                0x080041cc                CAN1_RX1_IRQHandler
                0x080041cc                TIM4_IRQHandler
                0x080041cc                DMA2_Channel1_IRQHandler
                0x080041cc                I2C1_EV_IRQHandler
                0x080041cc                DMA1_Channel6_IRQHandler
                0x080041cc                TIM16_IRQHandler
                0x080041cc                DMA2_Channel4_IRQHandler
                0x080041cc                TIM3_IRQHandler
                0x080041cc                RCC_IRQHandler
                0x080041cc                DMA1_Channel1_IRQHandler
                0x080041cc                Default_Handler
                0x080041cc                CEC_IRQHandler
                0x080041cc                EXTI15_10_IRQHandler
                0x080041cc                TIM14_IRQHandler
                0x080041cc                TIM13_IRQHandler
                0x080041cc                TIM12_IRQHandler
                0x080041cc                TIM7_IRQHandler
                0x080041cc                TIM5_IRQHandler
                0x080041cc                SDADC2_IRQHandler
                0x080041cc                TIM15_IRQHandler
                0x080041cc                TIM6_DAC1_IRQHandler
                0x080041cc                EXTI9_5_IRQHandler
                0x080041cc                TAMPER_STAMP_IRQHandler
                0x080041cc                RTC_WKUP_IRQHandler
                0x080041cc                SPI2_IRQHandler
                0x080041cc                CAN1_TX_IRQHandler
                0x080041cc                DMA2_Channel5_IRQHandler
                0x080041cc                DMA1_Channel5_IRQHandler
                0x080041cc                USB_LP_IRQHandler
                0x080041cc                EXTI4_IRQHandler
                0x080041cc                TIM18_DAC2_IRQHandler
                0x080041cc                DMA1_Channel3_IRQHandler
                0x080041cc                COMP_IRQHandler
                0x080041cc                WWDG_IRQHandler
                0x080041cc                SDADC1_IRQHandler
                0x080041cc                EXTI1_IRQHandler
                0x080041cc                SDADC3_IRQHandler
                0x080041cc                TIM19_IRQHandler
                0x080041cc                I2C2_ER_IRQHandler
                0x080041cc                DMA1_Channel2_IRQHandler
                0x080041cc                CAN1_SCE_IRQHandler
                0x080041cc                FLASH_IRQHandler
                0x080041cc                SPI3_IRQHandler
                0x080041cc                I2C1_ER_IRQHandler
                0x080041cc                USBWakeUp_IRQHandler
                0x080041cc                DMA2_Channel3_IRQHandler
 .text.atof     0x080041ce        0x6 d:/gcc-arm-none-eabi-5_4-2016q3-20160926-win32/bin/../lib/gcc/arm-none-eabi/5.4.1/../../../../arm-none-eabi/lib/armv7e-m/fpu\libc_nano.a(lib_a-atof.o)
                0x080041ce                atof
 .text.atoi     0x080041d4        0x8 d:/gcc-arm-none-eabi-5_4-2016q3-20160926-win32/bin/../lib/gcc/arm-none-eabi/5.4.1/../../../../arm-none-eabi/lib/armv7e-m/fpu\libc_nano.a(lib_a-atoi.o)
                0x080041d4                atoi
 .text.bcmp     0x080041dc        0x4 d:/gcc-arm-none-eabi-5_4-2016q3-20160926-win32/bin/../lib/gcc/arm-none-eabi/5.4.1/../../../../arm-none-eabi/lib/armv7e-m/fpu\libc_nano.a(lib_a-bcmp.o)
                0x080041dc                bcmp
 .text.gmtime_r
                0x080041e0      0x130 d:/gcc-arm-none-eabi-5_4-2016q3-20160926-win32/bin/../lib/gcc/arm-none-eabi/5.4.1/../../../../arm-none-eabi/lib/armv7e-m/fpu\libc_nano.a(lib_a-gmtime_r.o)
                0x080041e0                gmtime_r
 .text.__libc_init_array
                0x08004310       0x4c d:/gcc-arm-none-eabi-5_4-2016q3-20160926-win32/bin/../lib/gcc/arm-none-eabi/5.4.1/../../../../arm-none-eabi/lib/armv7e-m/fpu\libc_nano.a(lib_a-init.o)
                0x08004310                __libc_init_array
 .text.localtime
                0x0800435c       0x24 d:/gcc-arm-none-eabi-5_4-2016q3-20160926-win32/bin/../lib/gcc/arm-none-eabi/5.4.1/../../../../arm-none-eabi/lib/armv7e-m/fpu\libc_nano.a(lib_a-lcltime.o)
                0x0800435c                localtime
 .text.localtime_r
                0x08004380      0x1cc d:/gcc-arm-none-eabi-5_4-2016q3-20160926-win32/bin/../lib/gcc/arm-none-eabi/5.4.1/../../../../arm-none-eabi/lib/armv7e-m/fpu\libc_nano.a(lib_a-lcltime_r.o)
                0x08004380                localtime_r
 .text.__get_current_locale
                0x0800454c       0x18 d:/gcc-arm-none-eabi-5_4-2016q3-20160926-win32/bin/../lib/gcc/arm-none-eabi/5.4.1/../../../../arm-none-eabi/lib/armv7e-m/fpu\libc_nano.a(lib_a-locale.o)
 .text.__locale_ctype_ptr_l
                0x08004564        0x6 d:/gcc-arm-none-eabi-5_4-2016q3-20160926-win32/bin/../lib/gcc/arm-none-eabi/5.4.1/../../../../arm-none-eabi/lib/armv7e-m/fpu\libc_nano.a(lib_a-locale.o)
                0x08004564                __locale_ctype_ptr_l
 *fill*         0x0800456a        0x2 
 .text.__locale_ctype_ptr
                0x0800456c       0x14 d:/gcc-arm-none-eabi-5_4-2016q3-20160926-win32/bin/../lib/gcc/arm-none-eabi/5.4.1/../../../../arm-none-eabi/lib/armv7e-m/fpu\libc_nano.a(lib_a-locale.o)
                0x0800456c                __locale_ctype_ptr
 .text.malloc   0x08004580       0x10 d:/gcc-arm-none-eabi-5_4-2016q3-20160926-win32/bin/../lib/gcc/arm-none-eabi/5.4.1/../../../../arm-none-eabi/lib/armv7e-m/fpu\libc_nano.a(lib_a-malloc.o)
                0x08004580                malloc
 .text.free     0x08004590       0x10 d:/gcc-arm-none-eabi-5_4-2016q3-20160926-win32/bin/../lib/gcc/arm-none-eabi/5.4.1/../../../../arm-none-eabi/lib/armv7e-m/fpu\libc_nano.a(lib_a-malloc.o)
                0x08004590                free
 .text.__ascii_mbtowc
                0x080045a0       0x24 d:/gcc-arm-none-eabi-5_4-2016q3-20160926-win32/bin/../lib/gcc/arm-none-eabi/5.4.1/../../../../arm-none-eabi/lib/armv7e-m/fpu\libc_nano.a(lib_a-mbtowc_r.o)
                0x080045a0                __ascii_mbtowc
 .text.memcmp   0x080045c4       0x1e d:/gcc-arm-none-eabi-5_4-2016q3-20160926-win32/bin/../lib/gcc/arm-none-eabi/5.4.1/../../../../arm-none-eabi/lib/armv7e-m/fpu\libc_nano.a(lib_a-memcmp.o)
                0x080045c4                memcmp
 .text.memcpy   0x080045e2       0x16 d:/gcc-arm-none-eabi-5_4-2016q3-20160926-win32/bin/../lib/gcc/arm-none-eabi/5.4.1/../../../../arm-none-eabi/lib/armv7e-m/fpu\libc_nano.a(lib_a-memcpy-stub.o)
                0x080045e2                memcpy
 .text.memmove  0x080045f8       0x36 d:/gcc-arm-none-eabi-5_4-2016q3-20160926-win32/bin/../lib/gcc/arm-none-eabi/5.4.1/../../../../arm-none-eabi/lib/armv7e-m/fpu\libc_nano.a(lib_a-memmove.o)
                0x080045f8                memmove
 .text.memset   0x0800462e       0x10 d:/gcc-arm-none-eabi-5_4-2016q3-20160926-win32/bin/../lib/gcc/arm-none-eabi/5.4.1/../../../../arm-none-eabi/lib/armv7e-m/fpu\libc_nano.a(lib_a-memset.o)
                0x0800462e                memset
 *fill*         0x0800463e        0x2 
 .text._free_r  0x08004640       0x9c d:/gcc-arm-none-eabi-5_4-2016q3-20160926-win32/bin/../lib/gcc/arm-none-eabi/5.4.1/../../../../arm-none-eabi/lib/armv7e-m/fpu\libc_nano.a(lib_a-nano-freer.o)
                0x08004640                _free_r
 .text._malloc_r
                0x080046dc       0xbc d:/gcc-arm-none-eabi-5_4-2016q3-20160926-win32/bin/../lib/gcc/arm-none-eabi/5.4.1/../../../../arm-none-eabi/lib/armv7e-m/fpu\libc_nano.a(lib_a-nano-mallocr.o)
                0x080046dc                _malloc_r
 .text.printf   0x08004798       0x30 d:/gcc-arm-none-eabi-5_4-2016q3-20160926-win32/bin/../lib/gcc/arm-none-eabi/5.4.1/../../../../arm-none-eabi/lib/armv7e-m/fpu\libc_nano.a(lib_a-printf.o)
                0x08004798                iprintf
                0x08004798                printf
 .text.putchar  0x080047c8       0x28 d:/gcc-arm-none-eabi-5_4-2016q3-20160926-win32/bin/../lib/gcc/arm-none-eabi/5.4.1/../../../../arm-none-eabi/lib/armv7e-m/fpu\libc_nano.a(lib_a-putchar.o)
                0x080047c8                putchar
 .text._puts_r  0x080047f0       0xb4 d:/gcc-arm-none-eabi-5_4-2016q3-20160926-win32/bin/../lib/gcc/arm-none-eabi/5.4.1/../../../../arm-none-eabi/lib/armv7e-m/fpu\libc_nano.a(lib_a-puts.o)
                0x080047f0                _puts_r
 .text.puts     0x080048a4       0x10 d:/gcc-arm-none-eabi-5_4-2016q3-20160926-win32/bin/../lib/gcc/arm-none-eabi/5.4.1/../../../../arm-none-eabi/lib/armv7e-m/fpu\libc_nano.a(lib_a-puts.o)
                0x080048a4                puts
 .text._sbrk_r  0x080048b4       0x20 d:/gcc-arm-none-eabi-5_4-2016q3-20160926-win32/bin/../lib/gcc/arm-none-eabi/5.4.1/../../../../arm-none-eabi/lib/armv7e-m/fpu\libc_nano.a(lib_a-sbrkr.o)
                0x080048b4                _sbrk_r
 .text.sprintf  0x080048d4       0x48 d:/gcc-arm-none-eabi-5_4-2016q3-20160926-win32/bin/../lib/gcc/arm-none-eabi/5.4.1/../../../../arm-none-eabi/lib/armv7e-m/fpu\libc_nano.a(lib_a-sprintf.o)
                0x080048d4                siprintf
                0x080048d4                sprintf
 .text.strchr   0x0800491c       0x1c d:/gcc-arm-none-eabi-5_4-2016q3-20160926-win32/bin/../lib/gcc/arm-none-eabi/5.4.1/../../../../arm-none-eabi/lib/armv7e-m/fpu\libc_nano.a(lib_a-strchr.o)
                0x0800491c                strchr
 .text.strcpy   0x08004938       0x10 d:/gcc-arm-none-eabi-5_4-2016q3-20160926-win32/bin/../lib/gcc/arm-none-eabi/5.4.1/../../../../arm-none-eabi/lib/armv7e-m/fpu\libc_nano.a(lib_a-strcpy.o)
                0x08004938                strcpy
 .text.strncmp  0x08004948       0x2a d:/gcc-arm-none-eabi-5_4-2016q3-20160926-win32/bin/../lib/gcc/arm-none-eabi/5.4.1/../../../../arm-none-eabi/lib/armv7e-m/fpu\libc_nano.a(lib_a-strncmp.o)
                0x08004948                strncmp
 .text.strstr   0x08004972       0x34 d:/gcc-arm-none-eabi-5_4-2016q3-20160926-win32/bin/../lib/gcc/arm-none-eabi/5.4.1/../../../../arm-none-eabi/lib/armv7e-m/fpu\libc_nano.a(lib_a-strstr.o)
                0x08004972                strstr
 .text.unlikely.sulp
                0x080049a6       0x38 d:/gcc-arm-none-eabi-5_4-2016q3-20160926-win32/bin/../lib/gcc/arm-none-eabi/5.4.1/../../../../arm-none-eabi/lib/armv7e-m/fpu\libc_nano.a(lib_a-strtod.o)
 *fill*         0x080049de        0x2 
 .text._strtod_l
                0x080049e0      0xbf0 d:/gcc-arm-none-eabi-5_4-2016q3-20160926-win32/bin/../lib/gcc/arm-none-eabi/5.4.1/../../../../arm-none-eabi/lib/armv7e-m/fpu\libc_nano.a(lib_a-strtod.o)
                0x080049e0                _strtod_l
 .text.strtod   0x080055d0       0x28 d:/gcc-arm-none-eabi-5_4-2016q3-20160926-win32/bin/../lib/gcc/arm-none-eabi/5.4.1/../../../../arm-none-eabi/lib/armv7e-m/fpu\libc_nano.a(lib_a-strtod.o)
                0x080055d0                strtod
 .text.strtok   0x080055f8       0x64 d:/gcc-arm-none-eabi-5_4-2016q3-20160926-win32/bin/../lib/gcc/arm-none-eabi/5.4.1/../../../../arm-none-eabi/lib/armv7e-m/fpu\libc_nano.a(lib_a-strtok.o)
                0x080055f8                strtok
 .text.__strtok_r
                0x0800565c       0x56 d:/gcc-arm-none-eabi-5_4-2016q3-20160926-win32/bin/../lib/gcc/arm-none-eabi/5.4.1/../../../../arm-none-eabi/lib/armv7e-m/fpu\libc_nano.a(lib_a-strtok_r.o)
                0x0800565c                __strtok_r
 .text._strtol_l.isra.0
                0x080056b2      0x110 d:/gcc-arm-none-eabi-5_4-2016q3-20160926-win32/bin/../lib/gcc/arm-none-eabi/5.4.1/../../../../arm-none-eabi/lib/armv7e-m/fpu\libc_nano.a(lib_a-strtol.o)
 *fill*         0x080057c2        0x2 
 .text._strtol_r
                0x080057c4       0x24 d:/gcc-arm-none-eabi-5_4-2016q3-20160926-win32/bin/../lib/gcc/arm-none-eabi/5.4.1/../../../../arm-none-eabi/lib/armv7e-m/fpu\libc_nano.a(lib_a-strtol.o)
                0x080057c4                _strtol_r
 .text.strtol   0x080057e8       0x2c d:/gcc-arm-none-eabi-5_4-2016q3-20160926-win32/bin/../lib/gcc/arm-none-eabi/5.4.1/../../../../arm-none-eabi/lib/armv7e-m/fpu\libc_nano.a(lib_a-strtol.o)
                0x080057e8                strtol
 .text._strtoul_l.isra.0
                0x08005814      0x102 d:/gcc-arm-none-eabi-5_4-2016q3-20160926-win32/bin/../lib/gcc/arm-none-eabi/5.4.1/../../../../arm-none-eabi/lib/armv7e-m/fpu\libc_nano.a(lib_a-strtoul.o)
 *fill*         0x08005916        0x2 
 .text._strtoul_r
                0x08005918       0x24 d:/gcc-arm-none-eabi-5_4-2016q3-20160926-win32/bin/../lib/gcc/arm-none-eabi/5.4.1/../../../../arm-none-eabi/lib/armv7e-m/fpu\libc_nano.a(lib_a-strtoul.o)
                0x08005918                _strtoul_r
 .text.strtoul  0x0800593c       0x2c d:/gcc-arm-none-eabi-5_4-2016q3-20160926-win32/bin/../lib/gcc/arm-none-eabi/5.4.1/../../../../arm-none-eabi/lib/armv7e-m/fpu\libc_nano.a(lib_a-strtoul.o)
                0x0800593c                strtoul
 .text.__tzcalc_limits
                0x08005968      0x150 d:/gcc-arm-none-eabi-5_4-2016q3-20160926-win32/bin/../lib/gcc/arm-none-eabi/5.4.1/../../../../arm-none-eabi/lib/armv7e-m/fpu\libc_nano.a(lib_a-tzcalc_limits.o)
                0x08005968                __tzcalc_limits
 .text.__tz_lock
                0x08005ab8        0x2 d:/gcc-arm-none-eabi-5_4-2016q3-20160926-win32/bin/../lib/gcc/arm-none-eabi/5.4.1/../../../../arm-none-eabi/lib/armv7e-m/fpu\libc_nano.a(lib_a-tzlock.o)
                0x08005ab8                __tz_lock
 .text.__tz_unlock
                0x08005aba        0x2 d:/gcc-arm-none-eabi-5_4-2016q3-20160926-win32/bin/../lib/gcc/arm-none-eabi/5.4.1/../../../../arm-none-eabi/lib/armv7e-m/fpu\libc_nano.a(lib_a-tzlock.o)
                0x08005aba                __tz_unlock
 .text._tzset_unlocked
                0x08005abc        0xc d:/gcc-arm-none-eabi-5_4-2016q3-20160926-win32/bin/../lib/gcc/arm-none-eabi/5.4.1/../../../../arm-none-eabi/lib/armv7e-m/fpu\libc_nano.a(lib_a-tzset.o)
                0x08005abc                _tzset_unlocked
 .text._tzset_unlocked_r
                0x08005ac8      0x300 d:/gcc-arm-none-eabi-5_4-2016q3-20160926-win32/bin/../lib/gcc/arm-none-eabi/5.4.1/../../../../arm-none-eabi/lib/armv7e-m/fpu\libc_nano.a(lib_a-tzset_r.o)
                0x08005ac8                _tzset_unlocked_r
 .text.__swbuf_r
                0x08005dc8       0xa8 d:/gcc-arm-none-eabi-5_4-2016q3-20160926-win32/bin/../lib/gcc/arm-none-eabi/5.4.1/../../../../arm-none-eabi/lib/armv7e-m/fpu\libc_nano.a(lib_a-wbuf.o)
                0x08005dc8                __swbuf_r
 .text.__ascii_wctomb
                0x08005e70       0x1a d:/gcc-arm-none-eabi-5_4-2016q3-20160926-win32/bin/../lib/gcc/arm-none-eabi/5.4.1/../../../../arm-none-eabi/lib/armv7e-m/fpu\libc_nano.a(lib_a-wctomb_r.o)
                0x08005e70                __ascii_wctomb
 *fill*         0x08005e8a        0x2 
 .text.__swsetup_r
                0x08005e8c       0xdc d:/gcc-arm-none-eabi-5_4-2016q3-20160926-win32/bin/../lib/gcc/arm-none-eabi/5.4.1/../../../../arm-none-eabi/lib/armv7e-m/fpu\libc_nano.a(lib_a-wsetup.o)
                0x08005e8c                __swsetup_r
 .text.__sflush_r
                0x08005f68      0x110 d:/gcc-arm-none-eabi-5_4-2016q3-20160926-win32/bin/../lib/gcc/arm-none-eabi/5.4.1/../../../../arm-none-eabi/lib/armv7e-m/fpu\libc_nano.a(lib_a-fflush.o)
                0x08005f68                __sflush_r
 .text._fflush_r
                0x08006078       0x54 d:/gcc-arm-none-eabi-5_4-2016q3-20160926-win32/bin/../lib/gcc/arm-none-eabi/5.4.1/../../../../arm-none-eabi/lib/armv7e-m/fpu\libc_nano.a(lib_a-fflush.o)
                0x08006078                _fflush_r
 .text._cleanup_r
                0x080060cc        0xc d:/gcc-arm-none-eabi-5_4-2016q3-20160926-win32/bin/../lib/gcc/arm-none-eabi/5.4.1/../../../../arm-none-eabi/lib/armv7e-m/fpu\libc_nano.a(lib_a-findfp.o)
                0x080060cc                _cleanup_r
 .text.std.isra.0
                0x080060d8       0x48 d:/gcc-arm-none-eabi-5_4-2016q3-20160926-win32/bin/../lib/gcc/arm-none-eabi/5.4.1/../../../../arm-none-eabi/lib/armv7e-m/fpu\libc_nano.a(lib_a-findfp.o)
 .text.__sfmoreglue
                0x08006120       0x2c d:/gcc-arm-none-eabi-5_4-2016q3-20160926-win32/bin/../lib/gcc/arm-none-eabi/5.4.1/../../../../arm-none-eabi/lib/armv7e-m/fpu\libc_nano.a(lib_a-findfp.o)
                0x08006120                __sfmoreglue
 .text.__sinit  0x0800614c       0x60 d:/gcc-arm-none-eabi-5_4-2016q3-20160926-win32/bin/../lib/gcc/arm-none-eabi/5.4.1/../../../../arm-none-eabi/lib/armv7e-m/fpu\libc_nano.a(lib_a-findfp.o)
                0x0800614c                __sinit
 .text.__sfp    0x080061ac       0x78 d:/gcc-arm-none-eabi-5_4-2016q3-20160926-win32/bin/../lib/gcc/arm-none-eabi/5.4.1/../../../../arm-none-eabi/lib/armv7e-m/fpu\libc_nano.a(lib_a-findfp.o)
                0x080061ac                __sfp
 .text._fwalk_reent
                0x08006224       0x3c d:/gcc-arm-none-eabi-5_4-2016q3-20160926-win32/bin/../lib/gcc/arm-none-eabi/5.4.1/../../../../arm-none-eabi/lib/armv7e-m/fpu\libc_nano.a(lib_a-fwalk.o)
                0x08006224                _fwalk_reent
 .text.rshift   0x08006260       0x6c d:/gcc-arm-none-eabi-5_4-2016q3-20160926-win32/bin/../lib/gcc/arm-none-eabi/5.4.1/../../../../arm-none-eabi/lib/armv7e-m/fpu\libc_nano.a(lib_a-gdtoa-gethex.o)
 .text.__hexdig_fun
                0x080062cc       0x2a d:/gcc-arm-none-eabi-5_4-2016q3-20160926-win32/bin/../lib/gcc/arm-none-eabi/5.4.1/../../../../arm-none-eabi/lib/armv7e-m/fpu\libc_nano.a(lib_a-gdtoa-gethex.o)
                0x080062cc                __hexdig_fun
 .text.__gethex
                0x080062f6      0x440 d:/gcc-arm-none-eabi-5_4-2016q3-20160926-win32/bin/../lib/gcc/arm-none-eabi/5.4.1/../../../../arm-none-eabi/lib/armv7e-m/fpu\libc_nano.a(lib_a-gdtoa-gethex.o)
                0x080062f6                __gethex
 .text.L_shift  0x08006736       0x24 d:/gcc-arm-none-eabi-5_4-2016q3-20160926-win32/bin/../lib/gcc/arm-none-eabi/5.4.1/../../../../arm-none-eabi/lib/armv7e-m/fpu\libc_nano.a(lib_a-gdtoa-hexnan.o)
 .text.__match  0x0800675a       0x26 d:/gcc-arm-none-eabi-5_4-2016q3-20160926-win32/bin/../lib/gcc/arm-none-eabi/5.4.1/../../../../arm-none-eabi/lib/armv7e-m/fpu\libc_nano.a(lib_a-gdtoa-hexnan.o)
                0x0800675a                __match
 .text.__hexnan
                0x08006780      0x11c d:/gcc-arm-none-eabi-5_4-2016q3-20160926-win32/bin/../lib/gcc/arm-none-eabi/5.4.1/../../../../arm-none-eabi/lib/armv7e-m/fpu\libc_nano.a(lib_a-gdtoa-hexnan.o)
                0x08006780                __hexnan
 .text._findenv_r
                0x0800689c       0x78 d:/gcc-arm-none-eabi-5_4-2016q3-20160926-win32/bin/../lib/gcc/arm-none-eabi/5.4.1/../../../../arm-none-eabi/lib/armv7e-m/fpu\libc_nano.a(lib_a-getenv_r.o)
                0x0800689c                _findenv_r
 .text._getenv_r
                0x08006914        0xe d:/gcc-arm-none-eabi-5_4-2016q3-20160926-win32/bin/../lib/gcc/arm-none-eabi/5.4.1/../../../../arm-none-eabi/lib/armv7e-m/fpu\libc_nano.a(lib_a-getenv_r.o)
                0x08006914                _getenv_r
 *fill*         0x08006922        0x2 
 .text.__gettzinfo
                0x08006924        0x8 d:/gcc-arm-none-eabi-5_4-2016q3-20160926-win32/bin/../lib/gcc/arm-none-eabi/5.4.1/../../../../arm-none-eabi/lib/armv7e-m/fpu\libc_nano.a(lib_a-gettzinfo.o)
                0x08006924                __gettzinfo
 .text.__localeconv_l
                0x0800692c        0x4 d:/gcc-arm-none-eabi-5_4-2016q3-20160926-win32/bin/../lib/gcc/arm-none-eabi/5.4.1/../../../../arm-none-eabi/lib/armv7e-m/fpu\libc_nano.a(lib_a-localeconv.o)
                0x0800692c                __localeconv_l
 .text.__swhatbuf_r
                0x08006930       0x46 d:/gcc-arm-none-eabi-5_4-2016q3-20160926-win32/bin/../lib/gcc/arm-none-eabi/5.4.1/../../../../arm-none-eabi/lib/armv7e-m/fpu\libc_nano.a(lib_a-makebuf.o)
                0x08006930                __swhatbuf_r
 *fill*         0x08006976        0x2 
 .text.__smakebuf_r
                0x08006978       0x78 d:/gcc-arm-none-eabi-5_4-2016q3-20160926-win32/bin/../lib/gcc/arm-none-eabi/5.4.1/../../../../arm-none-eabi/lib/armv7e-m/fpu\libc_nano.a(lib_a-makebuf.o)
                0x08006978                __smakebuf_r
 .text.__malloc_lock
                0x080069f0        0x2 d:/gcc-arm-none-eabi-5_4-2016q3-20160926-win32/bin/../lib/gcc/arm-none-eabi/5.4.1/../../../../arm-none-eabi/lib/armv7e-m/fpu\libc_nano.a(lib_a-mlock.o)
                0x080069f0                __malloc_lock
 .text.__malloc_unlock
                0x080069f2        0x2 d:/gcc-arm-none-eabi-5_4-2016q3-20160926-win32/bin/../lib/gcc/arm-none-eabi/5.4.1/../../../../arm-none-eabi/lib/armv7e-m/fpu\libc_nano.a(lib_a-mlock.o)
                0x080069f2                __malloc_unlock
 .text._Balloc  0x080069f4       0x6a d:/gcc-arm-none-eabi-5_4-2016q3-20160926-win32/bin/../lib/gcc/arm-none-eabi/5.4.1/../../../../arm-none-eabi/lib/armv7e-m/fpu\libc_nano.a(lib_a-mprec.o)
                0x080069f4                _Balloc
 .text._Bfree   0x08006a5e       0x2e d:/gcc-arm-none-eabi-5_4-2016q3-20160926-win32/bin/../lib/gcc/arm-none-eabi/5.4.1/../../../../arm-none-eabi/lib/armv7e-m/fpu\libc_nano.a(lib_a-mprec.o)
                0x08006a5e                _Bfree
 .text.__multadd
                0x08006a8c       0x76 d:/gcc-arm-none-eabi-5_4-2016q3-20160926-win32/bin/../lib/gcc/arm-none-eabi/5.4.1/../../../../arm-none-eabi/lib/armv7e-m/fpu\libc_nano.a(lib_a-mprec.o)
                0x08006a8c                __multadd
 .text.__s2b    0x08006b02       0x7c d:/gcc-arm-none-eabi-5_4-2016q3-20160926-win32/bin/../lib/gcc/arm-none-eabi/5.4.1/../../../../arm-none-eabi/lib/armv7e-m/fpu\libc_nano.a(lib_a-mprec.o)
                0x08006b02                __s2b
 .text.__hi0bits
                0x08006b7e       0x40 d:/gcc-arm-none-eabi-5_4-2016q3-20160926-win32/bin/../lib/gcc/arm-none-eabi/5.4.1/../../../../arm-none-eabi/lib/armv7e-m/fpu\libc_nano.a(lib_a-mprec.o)
                0x08006b7e                __hi0bits
 .text.__lo0bits
                0x08006bbe       0x5a d:/gcc-arm-none-eabi-5_4-2016q3-20160926-win32/bin/../lib/gcc/arm-none-eabi/5.4.1/../../../../arm-none-eabi/lib/armv7e-m/fpu\libc_nano.a(lib_a-mprec.o)
                0x08006bbe                __lo0bits
 .text.__i2b    0x08006c18       0x12 d:/gcc-arm-none-eabi-5_4-2016q3-20160926-win32/bin/../lib/gcc/arm-none-eabi/5.4.1/../../../../arm-none-eabi/lib/armv7e-m/fpu\libc_nano.a(lib_a-mprec.o)
                0x08006c18                __i2b
 .text.__multiply
                0x08006c2a      0x122 d:/gcc-arm-none-eabi-5_4-2016q3-20160926-win32/bin/../lib/gcc/arm-none-eabi/5.4.1/../../../../arm-none-eabi/lib/armv7e-m/fpu\libc_nano.a(lib_a-mprec.o)
                0x08006c2a                __multiply
 .text.__pow5mult
                0x08006d4c       0x9c d:/gcc-arm-none-eabi-5_4-2016q3-20160926-win32/bin/../lib/gcc/arm-none-eabi/5.4.1/../../../../arm-none-eabi/lib/armv7e-m/fpu\libc_nano.a(lib_a-mprec.o)
                0x08006d4c                __pow5mult
 .text.__lshift
                0x08006de8       0xa2 d:/gcc-arm-none-eabi-5_4-2016q3-20160926-win32/bin/../lib/gcc/arm-none-eabi/5.4.1/../../../../arm-none-eabi/lib/armv7e-m/fpu\libc_nano.a(lib_a-mprec.o)
                0x08006de8                __lshift
 .text.__mcmp   0x08006e8a       0x38 d:/gcc-arm-none-eabi-5_4-2016q3-20160926-win32/bin/../lib/gcc/arm-none-eabi/5.4.1/../../../../arm-none-eabi/lib/armv7e-m/fpu\libc_nano.a(lib_a-mprec.o)
                0x08006e8a                __mcmp
 .text.__mdiff  0x08006ec2       0xbe d:/gcc-arm-none-eabi-5_4-2016q3-20160926-win32/bin/../lib/gcc/arm-none-eabi/5.4.1/../../../../arm-none-eabi/lib/armv7e-m/fpu\libc_nano.a(lib_a-mprec.o)
                0x08006ec2                __mdiff
 .text.__ulp    0x08006f80       0x50 d:/gcc-arm-none-eabi-5_4-2016q3-20160926-win32/bin/../lib/gcc/arm-none-eabi/5.4.1/../../../../arm-none-eabi/lib/armv7e-m/fpu\libc_nano.a(lib_a-mprec.o)
                0x08006f80                __ulp
 .text.__b2d    0x08006fd0       0x9a d:/gcc-arm-none-eabi-5_4-2016q3-20160926-win32/bin/../lib/gcc/arm-none-eabi/5.4.1/../../../../arm-none-eabi/lib/armv7e-m/fpu\libc_nano.a(lib_a-mprec.o)
                0x08006fd0                __b2d
 .text.__d2b    0x0800706a       0x9c d:/gcc-arm-none-eabi-5_4-2016q3-20160926-win32/bin/../lib/gcc/arm-none-eabi/5.4.1/../../../../arm-none-eabi/lib/armv7e-m/fpu\libc_nano.a(lib_a-mprec.o)
                0x0800706a                __d2b
 .text.__ratio  0x08007106       0x54 d:/gcc-arm-none-eabi-5_4-2016q3-20160926-win32/bin/../lib/gcc/arm-none-eabi/5.4.1/../../../../arm-none-eabi/lib/armv7e-m/fpu\libc_nano.a(lib_a-mprec.o)
                0x08007106                __ratio
 .text.__copybits
                0x0800715a       0x34 d:/gcc-arm-none-eabi-5_4-2016q3-20160926-win32/bin/../lib/gcc/arm-none-eabi/5.4.1/../../../../arm-none-eabi/lib/armv7e-m/fpu\libc_nano.a(lib_a-mprec.o)
                0x0800715a                __copybits
 .text.__any_on
                0x0800718e       0x44 d:/gcc-arm-none-eabi-5_4-2016q3-20160926-win32/bin/../lib/gcc/arm-none-eabi/5.4.1/../../../../arm-none-eabi/lib/armv7e-m/fpu\libc_nano.a(lib_a-mprec.o)
                0x0800718e                __any_on
 .text._calloc_r
                0x080071d2       0x1c d:/gcc-arm-none-eabi-5_4-2016q3-20160926-win32/bin/../lib/gcc/arm-none-eabi/5.4.1/../../../../arm-none-eabi/lib/armv7e-m/fpu\libc_nano.a(lib_a-nano-callocr.o)
                0x080071d2                _calloc_r
 .text.__ssputs_r
                0x080071ee       0xb2 d:/gcc-arm-none-eabi-5_4-2016q3-20160926-win32/bin/../lib/gcc/arm-none-eabi/5.4.1/../../../../arm-none-eabi/lib/armv7e-m/fpu\libc_nano.a(lib_a-nano-svfprintf.o)
                0x080071ee                __ssputs_r
 .text._svfprintf_r
                0x080072a0      0x1e8 d:/gcc-arm-none-eabi-5_4-2016q3-20160926-win32/bin/../lib/gcc/arm-none-eabi/5.4.1/../../../../arm-none-eabi/lib/armv7e-m/fpu\libc_nano.a(lib_a-nano-svfprintf.o)
                0x080072a0                _svfiprintf_r
                0x080072a0                _svfprintf_r
 .text.__sfputc_r
                0x08007488       0x30 d:/gcc-arm-none-eabi-5_4-2016q3-20160926-win32/bin/../lib/gcc/arm-none-eabi/5.4.1/../../../../arm-none-eabi/lib/armv7e-m/fpu\libc_nano.a(lib_a-nano-vfprintf.o)
 .text.__sfputs_r
                0x080074b8       0x24 d:/gcc-arm-none-eabi-5_4-2016q3-20160926-win32/bin/../lib/gcc/arm-none-eabi/5.4.1/../../../../arm-none-eabi/lib/armv7e-m/fpu\libc_nano.a(lib_a-nano-vfprintf.o)
                0x080074b8                __sfputs_r
 .text._vfprintf_r
                0x080074dc      0x238 d:/gcc-arm-none-eabi-5_4-2016q3-20160926-win32/bin/../lib/gcc/arm-none-eabi/5.4.1/../../../../arm-none-eabi/lib/armv7e-m/fpu\libc_nano.a(lib_a-nano-vfprintf.o)
                0x080074dc                _vfprintf_r
                0x080074dc                _vfiprintf_r
 .text._printf_common
                0x08007714       0xec d:/gcc-arm-none-eabi-5_4-2016q3-20160926-win32/bin/../lib/gcc/arm-none-eabi/5.4.1/../../../../arm-none-eabi/lib/armv7e-m/fpu\libc_nano.a(lib_a-nano-vfprintf_i.o)
                0x08007714                _printf_common
 .text._printf_i
                0x08007800      0x24c d:/gcc-arm-none-eabi-5_4-2016q3-20160926-win32/bin/../lib/gcc/arm-none-eabi/5.4.1/../../../../arm-none-eabi/lib/armv7e-m/fpu\libc_nano.a(lib_a-nano-vfprintf_i.o)
                0x08007800                _printf_i
 .text._putc_r  0x08007a4c       0x6c d:/gcc-arm-none-eabi-5_4-2016q3-20160926-win32/bin/../lib/gcc/arm-none-eabi/5.4.1/../../../../arm-none-eabi/lib/armv7e-m/fpu\libc_nano.a(lib_a-putc.o)
                0x08007a4c                _putc_r
 .text.sscanf   0x08007ab8       0x54 d:/gcc-arm-none-eabi-5_4-2016q3-20160926-win32/bin/../lib/gcc/arm-none-eabi/5.4.1/../../../../arm-none-eabi/lib/armv7e-m/fpu\libc_nano.a(lib_a-sscanf.o)
                0x08007ab8                siscanf
                0x08007ab8                sscanf
 .text.__sread  0x08007b0c       0x22 d:/gcc-arm-none-eabi-5_4-2016q3-20160926-win32/bin/../lib/gcc/arm-none-eabi/5.4.1/../../../../arm-none-eabi/lib/armv7e-m/fpu\libc_nano.a(lib_a-stdio.o)
                0x08007b0c                __sread
 .text.__seofread
                0x08007b2e        0x4 d:/gcc-arm-none-eabi-5_4-2016q3-20160926-win32/bin/../lib/gcc/arm-none-eabi/5.4.1/../../../../arm-none-eabi/lib/armv7e-m/fpu\libc_nano.a(lib_a-stdio.o)
                0x08007b2e                __seofread
 .text.__swrite
                0x08007b32       0x38 d:/gcc-arm-none-eabi-5_4-2016q3-20160926-win32/bin/../lib/gcc/arm-none-eabi/5.4.1/../../../../arm-none-eabi/lib/armv7e-m/fpu\libc_nano.a(lib_a-stdio.o)
                0x08007b32                __swrite
 .text.__sseek  0x08007b6a       0x24 d:/gcc-arm-none-eabi-5_4-2016q3-20160926-win32/bin/../lib/gcc/arm-none-eabi/5.4.1/../../../../arm-none-eabi/lib/armv7e-m/fpu\libc_nano.a(lib_a-stdio.o)
                0x08007b6a                __sseek
 .text.__sclose
                0x08007b8e        0x8 d:/gcc-arm-none-eabi-5_4-2016q3-20160926-win32/bin/../lib/gcc/arm-none-eabi/5.4.1/../../../../arm-none-eabi/lib/armv7e-m/fpu\libc_nano.a(lib_a-stdio.o)
                0x08007b8e                __sclose
 *fill*         0x08007b96        0x2 
 .text._write_r
                0x08007b98       0x24 d:/gcc-arm-none-eabi-5_4-2016q3-20160926-win32/bin/../lib/gcc/arm-none-eabi/5.4.1/../../../../arm-none-eabi/lib/armv7e-m/fpu\libc_nano.a(lib_a-writer.o)
                0x08007b98                _write_r
 .text._close_r
                0x08007bbc       0x20 d:/gcc-arm-none-eabi-5_4-2016q3-20160926-win32/bin/../lib/gcc/arm-none-eabi/5.4.1/../../../../arm-none-eabi/lib/armv7e-m/fpu\libc_nano.a(lib_a-closer.o)
                0x08007bbc                _close_r
 .text.__env_lock
                0x08007bdc        0x2 d:/gcc-arm-none-eabi-5_4-2016q3-20160926-win32/bin/../lib/gcc/arm-none-eabi/5.4.1/../../../../arm-none-eabi/lib/armv7e-m/fpu\libc_nano.a(lib_a-envlock.o)
                0x08007bdc                __env_lock
 .text.__env_unlock
                0x08007bde        0x2 d:/gcc-arm-none-eabi-5_4-2016q3-20160926-win32/bin/../lib/gcc/arm-none-eabi/5.4.1/../../../../arm-none-eabi/lib/armv7e-m/fpu\libc_nano.a(lib_a-envlock.o)
                0x08007bde                __env_unlock
 .text._fstat_r
                0x08007be0       0x24 d:/gcc-arm-none-eabi-5_4-2016q3-20160926-win32/bin/../lib/gcc/arm-none-eabi/5.4.1/../../../../arm-none-eabi/lib/armv7e-m/fpu\libc_nano.a(lib_a-fstatr.o)
                0x08007be0                _fstat_r
 .text._isatty_r
                0x08007c04       0x20 d:/gcc-arm-none-eabi-5_4-2016q3-20160926-win32/bin/../lib/gcc/arm-none-eabi/5.4.1/../../../../arm-none-eabi/lib/armv7e-m/fpu\libc_nano.a(lib_a-isattyr.o)
                0x08007c04                _isatty_r
 .text._lseek_r
                0x08007c24       0x24 d:/gcc-arm-none-eabi-5_4-2016q3-20160926-win32/bin/../lib/gcc/arm-none-eabi/5.4.1/../../../../arm-none-eabi/lib/armv7e-m/fpu\libc_nano.a(lib_a-lseekr.o)
                0x08007c24                _lseek_r
 .text._realloc_r
                0x08007c48       0x4c d:/gcc-arm-none-eabi-5_4-2016q3-20160926-win32/bin/../lib/gcc/arm-none-eabi/5.4.1/../../../../arm-none-eabi/lib/armv7e-m/fpu\libc_nano.a(lib_a-nano-reallocr.o)
                0x08007c48                _realloc_r
 .text._sungetc_r
                0x08007c94       0x7c d:/gcc-arm-none-eabi-5_4-2016q3-20160926-win32/bin/../lib/gcc/arm-none-eabi/5.4.1/../../../../arm-none-eabi/lib/armv7e-m/fpu\libc_nano.a(lib_a-nano-svfscanf.o)
                0x08007c94                _sungetc_r
 .text.__ssrefill_r
                0x08007d10       0x3a d:/gcc-arm-none-eabi-5_4-2016q3-20160926-win32/bin/../lib/gcc/arm-none-eabi/5.4.1/../../../../arm-none-eabi/lib/armv7e-m/fpu\libc_nano.a(lib_a-nano-svfscanf.o)
                0x08007d10                __ssrefill_r
 *fill*         0x08007d4a        0x2 
 .text.__ssvfscanf_r
                0x08007d4c      0x2b0 d:/gcc-arm-none-eabi-5_4-2016q3-20160926-win32/bin/../lib/gcc/arm-none-eabi/5.4.1/../../../../arm-none-eabi/lib/armv7e-m/fpu\libc_nano.a(lib_a-nano-svfscanf.o)
                0x08007d4c                __ssvfiscanf_r
                0x08007d4c                __ssvfscanf_r
 .text._scanf_chars
                0x08007ffc       0xce d:/gcc-arm-none-eabi-5_4-2016q3-20160926-win32/bin/../lib/gcc/arm-none-eabi/5.4.1/../../../../arm-none-eabi/lib/armv7e-m/fpu\libc_nano.a(lib_a-nano-vfscanf_i.o)
                0x08007ffc                _scanf_chars
 *fill*         0x080080ca        0x2 
 .text._scanf_i
                0x080080cc      0x1e4 d:/gcc-arm-none-eabi-5_4-2016q3-20160926-win32/bin/../lib/gcc/arm-none-eabi/5.4.1/../../../../arm-none-eabi/lib/armv7e-m/fpu\libc_nano.a(lib_a-nano-vfscanf_i.o)
                0x080080cc                _scanf_i
 .text._read_r  0x080082b0       0x24 d:/gcc-arm-none-eabi-5_4-2016q3-20160926-win32/bin/../lib/gcc/arm-none-eabi/5.4.1/../../../../arm-none-eabi/lib/armv7e-m/fpu\libc_nano.a(lib_a-readr.o)
                0x080082b0                _read_r
 .text.__sccl   0x080082d4       0x62 d:/gcc-arm-none-eabi-5_4-2016q3-20160926-win32/bin/../lib/gcc/arm-none-eabi/5.4.1/../../../../arm-none-eabi/lib/armv7e-m/fpu\libc_nano.a(lib_a-sccl.o)
                0x080082d4                __sccl
 .text.__submore
                0x08008336       0x76 d:/gcc-arm-none-eabi-5_4-2016q3-20160926-win32/bin/../lib/gcc/arm-none-eabi/5.4.1/../../../../arm-none-eabi/lib/armv7e-m/fpu\libc_nano.a(lib_a-ungetc.o)
                0x08008336                __submore
 .text._malloc_usable_size_r
                0x080083ac       0x14 d:/gcc-arm-none-eabi-5_4-2016q3-20160926-win32/bin/../lib/gcc/arm-none-eabi/5.4.1/../../../../arm-none-eabi/lib/armv7e-m/fpu\libc_nano.a(lib_a-nano-msizer.o)
                0x080083ac                _malloc_usable_size_r
 .text._close   0x080083c0       0x10 d:/gcc-arm-none-eabi-5_4-2016q3-20160926-win32/bin/../lib/gcc/arm-none-eabi/5.4.1/../../../../arm-none-eabi/lib/armv7e-m/fpu\libnosys.a(close.o)
                0x080083c0                _close
 .text._fstat   0x080083d0       0x10 d:/gcc-arm-none-eabi-5_4-2016q3-20160926-win32/bin/../lib/gcc/arm-none-eabi/5.4.1/../../../../arm-none-eabi/lib/armv7e-m/fpu\libnosys.a(fstat.o)
                0x080083d0                _fstat
 .text._isatty  0x080083e0       0x10 d:/gcc-arm-none-eabi-5_4-2016q3-20160926-win32/bin/../lib/gcc/arm-none-eabi/5.4.1/../../../../arm-none-eabi/lib/armv7e-m/fpu\libnosys.a(isatty.o)
                0x080083e0                _isatty
 .text._lseek   0x080083f0       0x10 d:/gcc-arm-none-eabi-5_4-2016q3-20160926-win32/bin/../lib/gcc/arm-none-eabi/5.4.1/../../../../arm-none-eabi/lib/armv7e-m/fpu\libnosys.a(lseek.o)
                0x080083f0                _lseek
 .text._read    0x08008400       0x10 d:/gcc-arm-none-eabi-5_4-2016q3-20160926-win32/bin/../lib/gcc/arm-none-eabi/5.4.1/../../../../arm-none-eabi/lib/armv7e-m/fpu\libnosys.a(read.o)
                0x08008400                _read
 .text._sbrk    0x08008410       0x1c d:/gcc-arm-none-eabi-5_4-2016q3-20160926-win32/bin/../lib/gcc/arm-none-eabi/5.4.1/../../../../arm-none-eabi/lib/armv7e-m/fpu\libnosys.a(sbrk.o)
                0x08008410                _sbrk
 .text._write   0x0800842c       0x10 d:/gcc-arm-none-eabi-5_4-2016q3-20160926-win32/bin/../lib/gcc/arm-none-eabi/5.4.1/../../../../arm-none-eabi/lib/armv7e-m/fpu\libnosys.a(write.o)
                0x0800842c                _write
 *(.glue_7)
 .glue_7        0x0800843c        0x0 linker stubs
 *(.glue_7t)
 .glue_7t       0x0800843c        0x0 linker stubs
 *(.eh_frame)
 .eh_frame      0x0800843c        0x0 d:/gcc-arm-none-eabi-5_4-2016q3-20160926-win32/bin/../lib/gcc/arm-none-eabi/5.4.1/armv7e-m/fpu/crtbegin.o
 *(.init)
 .init          0x0800843c        0x4 d:/gcc-arm-none-eabi-5_4-2016q3-20160926-win32/bin/../lib/gcc/arm-none-eabi/5.4.1/armv7e-m/fpu/crti.o
                0x0800843c                _init
 .init          0x08008440        0x8 d:/gcc-arm-none-eabi-5_4-2016q3-20160926-win32/bin/../lib/gcc/arm-none-eabi/5.4.1/armv7e-m/fpu/crtn.o
 *(.fini)
 .fini          0x08008448        0x4 d:/gcc-arm-none-eabi-5_4-2016q3-20160926-win32/bin/../lib/gcc/arm-none-eabi/5.4.1/armv7e-m/fpu/crti.o
                0x08008448                _fini
 .fini          0x0800844c        0x8 d:/gcc-arm-none-eabi-5_4-2016q3-20160926-win32/bin/../lib/gcc/arm-none-eabi/5.4.1/armv7e-m/fpu/crtn.o
                0x08008454                . = ALIGN (0x4)
                0x08008454                _etext = .

.vfp11_veneer   0x08008454        0x0
 .vfp11_veneer  0x08008454        0x0 linker stubs

.v4_bx          0x08008454        0x0
 .v4_bx         0x08008454        0x0 linker stubs

.iplt           0x08008454        0x0
 .iplt          0x08008454        0x0 d:/gcc-arm-none-eabi-5_4-2016q3-20160926-win32/bin/../lib/gcc/arm-none-eabi/5.4.1/armv7e-m/fpu/crtbegin.o

.rodata         0x08008458      0xcec
                0x08008458                . = ALIGN (0x4)
 *(.rodata)
 .rodata        0x08008458        0xc d:/gcc-arm-none-eabi-5_4-2016q3-20160926-win32/bin/../lib/gcc/arm-none-eabi/5.4.1/../../../../arm-none-eabi/lib/armv7e-m/fpu\libc_nano.a(lib_a-nano-vfscanf_i.o)
 *(.rodata*)
 .rodata.str1.4
                0x08008464        0x5 build/tasks.o
 *fill*         0x08008469        0x3 
 .rodata.__FUNCTION__.6478
                0x0800846c        0xd build/mqtt.o
 *fill*         0x08008479        0x3 
 .rodata.str1.4
                0x0800847c       0x9a build/mqtt.o
                                 0xa2 (size before relaxing)
 *fill*         0x08008516        0x2 
 .rodata.Mqtt_TrailingBytesForUTF8
                0x08008518      0x100 build/mqtt.o
 .rodata.str1.4
                0x08008618        0xf build/gps.o
 *fill*         0x08008627        0x1 
 .rodata.str1.4
                0x08008628       0xc0 build/main.o
                                 0xcc (size before relaxing)
 .rodata.__FUNCTION__.7793
                0x080086e8       0x16 build/onenet.o
 *fill*         0x080086fe        0x2 
 .rodata.str1.4
                0x08008700      0x688 build/onenet.o
                                0x68a (size before relaxing)
 .rodata.str1.4
                0x08008d88       0x2b build/sim800.o
 .rodata._global_impure_ptr
                0x08008d88        0x4 d:/gcc-arm-none-eabi-5_4-2016q3-20160926-win32/bin/../lib/gcc/arm-none-eabi/5.4.1/../../../../arm-none-eabi/lib/armv7e-m/fpu\libc_nano.a(lib_a-impure.o)
                0x08008d88                _global_impure_ptr
 .rodata.str1.1
                0x08008d8c        0xa d:/gcc-arm-none-eabi-5_4-2016q3-20160926-win32/bin/../lib/gcc/arm-none-eabi/5.4.1/../../../../arm-none-eabi/lib/armv7e-m/fpu\libc_nano.a(lib_a-locale.o)
                                  0xb (size before relaxing)
 *fill*         0x08008d96        0x2 
 .rodata.__month_lengths
                0x08008d98       0x60 d:/gcc-arm-none-eabi-5_4-2016q3-20160926-win32/bin/../lib/gcc/arm-none-eabi/5.4.1/../../../../arm-none-eabi/lib/armv7e-m/fpu\libc_nano.a(lib_a-month_lengths.o)
                0x08008d98                __month_lengths
 .rodata.fpi.6181
                0x08008df8       0x14 d:/gcc-arm-none-eabi-5_4-2016q3-20160926-win32/bin/../lib/gcc/arm-none-eabi/5.4.1/../../../../arm-none-eabi/lib/armv7e-m/fpu\libc_nano.a(lib_a-strtod.o)
 .rodata.str1.1
                0x08008e0c        0xc d:/gcc-arm-none-eabi-5_4-2016q3-20160926-win32/bin/../lib/gcc/arm-none-eabi/5.4.1/../../../../arm-none-eabi/lib/armv7e-m/fpu\libc_nano.a(lib_a-strtod.o)
 .rodata.tinytens
                0x08008e18       0x28 d:/gcc-arm-none-eabi-5_4-2016q3-20160926-win32/bin/../lib/gcc/arm-none-eabi/5.4.1/../../../../arm-none-eabi/lib/armv7e-m/fpu\libc_nano.a(lib_a-strtod.o)
 .rodata.fpinan.6217
                0x08008e40       0x14 d:/gcc-arm-none-eabi-5_4-2016q3-20160926-win32/bin/../lib/gcc/arm-none-eabi/5.4.1/../../../../arm-none-eabi/lib/armv7e-m/fpu\libc_nano.a(lib_a-strtod.o)
 .rodata.str1.1
                0x08008e54       0x3c d:/gcc-arm-none-eabi-5_4-2016q3-20160926-win32/bin/../lib/gcc/arm-none-eabi/5.4.1/../../../../arm-none-eabi/lib/armv7e-m/fpu\libc_nano.a(lib_a-tzset_r.o)
                                 0x4e (size before relaxing)
 .rodata.str1.1
                0x08008e90        0x4 d:/gcc-arm-none-eabi-5_4-2016q3-20160926-win32/bin/../lib/gcc/arm-none-eabi/5.4.1/../../../../arm-none-eabi/lib/armv7e-m/fpu\libc_nano.a(lib_a-tzvars.o)
 .rodata._ctype_
                0x08008e90      0x101 d:/gcc-arm-none-eabi-5_4-2016q3-20160926-win32/bin/../lib/gcc/arm-none-eabi/5.4.1/../../../../arm-none-eabi/lib/armv7e-m/fpu\libc_nano.a(lib_a-ctype_.o)
                0x08008e90                _ctype_
 *fill*         0x08008f91        0x3 
 .rodata.__sf_fake_stdin
                0x08008f94       0x20 d:/gcc-arm-none-eabi-5_4-2016q3-20160926-win32/bin/../lib/gcc/arm-none-eabi/5.4.1/../../../../arm-none-eabi/lib/armv7e-m/fpu\libc_nano.a(lib_a-findfp.o)
                0x08008f94                __sf_fake_stdin
 .rodata.__sf_fake_stdout
                0x08008fb4       0x20 d:/gcc-arm-none-eabi-5_4-2016q3-20160926-win32/bin/../lib/gcc/arm-none-eabi/5.4.1/../../../../arm-none-eabi/lib/armv7e-m/fpu\libc_nano.a(lib_a-findfp.o)
                0x08008fb4                __sf_fake_stdout
 .rodata.__sf_fake_stderr
                0x08008fd4       0x20 d:/gcc-arm-none-eabi-5_4-2016q3-20160926-win32/bin/../lib/gcc/arm-none-eabi/5.4.1/../../../../arm-none-eabi/lib/armv7e-m/fpu\libc_nano.a(lib_a-findfp.o)
                0x08008fd4                __sf_fake_stderr
 *fill*         0x08008ff4        0x4 
 .rodata.__mprec_tens
                0x08008ff8       0xc8 d:/gcc-arm-none-eabi-5_4-2016q3-20160926-win32/bin/../lib/gcc/arm-none-eabi/5.4.1/../../../../arm-none-eabi/lib/armv7e-m/fpu\libc_nano.a(lib_a-mprec.o)
                0x08008ff8                __mprec_tens
 .rodata.__mprec_bigtens
                0x080090c0       0x28 d:/gcc-arm-none-eabi-5_4-2016q3-20160926-win32/bin/../lib/gcc/arm-none-eabi/5.4.1/../../../../arm-none-eabi/lib/armv7e-m/fpu\libc_nano.a(lib_a-mprec.o)
                0x080090c0                __mprec_bigtens
 .rodata.p05.6099
                0x080090e8        0xc d:/gcc-arm-none-eabi-5_4-2016q3-20160926-win32/bin/../lib/gcc/arm-none-eabi/5.4.1/../../../../arm-none-eabi/lib/armv7e-m/fpu\libc_nano.a(lib_a-mprec.o)
 .rodata.str1.1
                0x080090f4       0x11 d:/gcc-arm-none-eabi-5_4-2016q3-20160926-win32/bin/../lib/gcc/arm-none-eabi/5.4.1/../../../../arm-none-eabi/lib/armv7e-m/fpu\libc_nano.a(lib_a-nano-svfprintf.o)
 .rodata.str1.1
                0x08009105       0x11 d:/gcc-arm-none-eabi-5_4-2016q3-20160926-win32/bin/../lib/gcc/arm-none-eabi/5.4.1/../../../../arm-none-eabi/lib/armv7e-m/fpu\libc_nano.a(lib_a-nano-vfprintf.o)
 .rodata.str1.1
                0x08009105       0x22 d:/gcc-arm-none-eabi-5_4-2016q3-20160926-win32/bin/../lib/gcc/arm-none-eabi/5.4.1/../../../../arm-none-eabi/lib/armv7e-m/fpu\libc_nano.a(lib_a-nano-vfprintf_i.o)
 .rodata.str1.1
                0x08009127        0x4 d:/gcc-arm-none-eabi-5_4-2016q3-20160926-win32/bin/../lib/gcc/arm-none-eabi/5.4.1/../../../../arm-none-eabi/lib/armv7e-m/fpu\libc_nano.a(lib_a-nano-svfscanf.o)
 .rodata.str1.1
                0x08009127       0x1b d:/gcc-arm-none-eabi-5_4-2016q3-20160926-win32/bin/../lib/gcc/arm-none-eabi/5.4.1/../../../../arm-none-eabi/lib/armv7e-m/fpu\libc_nano.a(lib_a-nano-vfscanf_i.o)
                0x08009144                . = ALIGN (0x4)
 *fill*         0x08009142        0x2 

.ARM.extab
 *(.ARM.extab* .gnu.linkonce.armextab.*)

.ARM            0x08009144        0x8
                0x08009144                __exidx_start = .
 *(.ARM.exidx*)
 .ARM.exidx     0x08009144        0x8 d:/gcc-arm-none-eabi-5_4-2016q3-20160926-win32/bin/../lib/gcc/arm-none-eabi/5.4.1/armv7e-m/fpu\libgcc.a(_udivmoddi4.o)
                0x0800914c                __exidx_end = .

.rel.dyn        0x0800914c        0x0
 .rel.iplt      0x0800914c        0x0 d:/gcc-arm-none-eabi-5_4-2016q3-20160926-win32/bin/../lib/gcc/arm-none-eabi/5.4.1/armv7e-m/fpu/crtbegin.o

.preinit_array  0x0800914c        0x0
                0x0800914c                PROVIDE (__preinit_array_start, .)
 *(.preinit_array*)
                0x0800914c                PROVIDE (__preinit_array_end, .)

.init_array     0x0800914c        0x4
                0x0800914c                PROVIDE (__init_array_start, .)
 *(SORT(.init_array.*))
 *(.init_array*)
 .init_array    0x0800914c        0x4 d:/gcc-arm-none-eabi-5_4-2016q3-20160926-win32/bin/../lib/gcc/arm-none-eabi/5.4.1/armv7e-m/fpu/crtbegin.o
                0x08009150                PROVIDE (__init_array_end, .)

.fini_array     0x08009150        0x4
                [!provide]                PROVIDE (__fini_array_start, .)
 *(SORT(.fini_array.*))
 *(.fini_array*)
 .fini_array    0x08009150        0x4 d:/gcc-arm-none-eabi-5_4-2016q3-20160926-win32/bin/../lib/gcc/arm-none-eabi/5.4.1/armv7e-m/fpu/crtbegin.o
                [!provide]                PROVIDE (__fini_array_end, .)
                0x08009154                _sidata = LOADADDR (.data)

.data           0x20000000      0x28c load address 0x08009154
                0x20000000                . = ALIGN (0x4)
                0x20000000                _sdata = .
 *(.data)
 *(.data*)
 .data.SystemCoreClock
                0x20000000        0x4 build/system_stm32f37x.o
                0x20000000                SystemCoreClock
 .data.xFreeBytesRemaining
                0x20000004        0x4 build/heap_2.o
 .data.uxCriticalNesting
                0x20000008        0x4 build/port.o
 .data.ADCPrescTable
                0x2000000c        0x4 build/stm32f37x_rcc.o
 .data.SDADCPrescTable
                0x20000010       0x10 build/stm32f37x_rcc.o
 .data.APBAHBPrescTable
                0x20000020       0x10 build/stm32f37x_rcc.o
 .data.pSim800GPS
                0x20000030        0x4 build/gps.o
                0x20000030                pSim800GPS
 .data.Sim800GPS
                0x20000034       0x18 build/gps.o
                0x20000034                Sim800GPS
 .data.pSim800GPRS
                0x2000004c        0x4 build/sim800.o
                0x2000004c                pSim800GPRS
 .data.UartGPS  0x20000050        0xc build/uart.o
 .data.pUartGPRS
                0x2000005c        0x4 build/uart.o
                0x2000005c                pUartGPRS
 .data.pUartGPS
                0x20000060        0x4 build/uart.o
                0x20000060                pUartGPS
 .data.UartGPRS
                0x20000064        0xc build/uart.o
 .data.impure_data
                0x20000070       0x60 d:/gcc-arm-none-eabi-5_4-2016q3-20160926-win32/bin/../lib/gcc/arm-none-eabi/5.4.1/../../../../arm-none-eabi/lib/armv7e-m/fpu\libc_nano.a(lib_a-impure.o)
 .data._impure_ptr
                0x200000d0        0x4 d:/gcc-arm-none-eabi-5_4-2016q3-20160926-win32/bin/../lib/gcc/arm-none-eabi/5.4.1/../../../../arm-none-eabi/lib/armv7e-m/fpu\libc_nano.a(lib_a-impure.o)
                0x200000d0                _impure_ptr
 .data.__global_locale
                0x200000d4      0x16c d:/gcc-arm-none-eabi-5_4-2016q3-20160926-win32/bin/../lib/gcc/arm-none-eabi/5.4.1/../../../../arm-none-eabi/lib/armv7e-m/fpu\libc_nano.a(lib_a-locale.o)
                0x200000d4                __global_locale
 .data._tzname  0x20000240        0x8 d:/gcc-arm-none-eabi-5_4-2016q3-20160926-win32/bin/../lib/gcc/arm-none-eabi/5.4.1/../../../../arm-none-eabi/lib/armv7e-m/fpu\libc_nano.a(lib_a-tzvars.o)
                0x20000240                _tzname
 .data.tzinfo   0x20000248       0x40 d:/gcc-arm-none-eabi-5_4-2016q3-20160926-win32/bin/../lib/gcc/arm-none-eabi/5.4.1/../../../../arm-none-eabi/lib/armv7e-m/fpu\libc_nano.a(lib_a-gettzinfo.o)
 .data.environ  0x20000288        0x4 d:/gcc-arm-none-eabi-5_4-2016q3-20160926-win32/bin/../lib/gcc/arm-none-eabi/5.4.1/../../../../arm-none-eabi/lib/armv7e-m/fpu\libc_nano.a(lib_a-environ.o)
                0x20000288                environ
                0x2000028c                . = ALIGN (0x4)
                0x2000028c                _edata = .

.jcr            0x2000028c        0x0 load address 0x080093e0
 .jcr           0x2000028c        0x0 d:/gcc-arm-none-eabi-5_4-2016q3-20160926-win32/bin/../lib/gcc/arm-none-eabi/5.4.1/armv7e-m/fpu/crtbegin.o

.igot.plt       0x2000028c        0x0 load address 0x080093e0
 .igot.plt      0x2000028c        0x0 d:/gcc-arm-none-eabi-5_4-2016q3-20160926-win32/bin/../lib/gcc/arm-none-eabi/5.4.1/armv7e-m/fpu/crtbegin.o
                0x2000028c                . = ALIGN (0x4)

.bss            0x2000028c     0x26f0 load address 0x080093e0
                0x2000028c                _sbss = .
                0x2000028c                __bss_start__ = _sbss
 *(.bss)
 .bss           0x2000028c       0x1c d:/gcc-arm-none-eabi-5_4-2016q3-20160926-win32/bin/../lib/gcc/arm-none-eabi/5.4.1/armv7e-m/fpu/crtbegin.o
 *(.bss*)
 .bss.xStart    0x200002a8        0x8 build/heap_2.o
 .bss.ucHeap    0x200002b0     0x1400 build/heap_2.o
 .bss.xEnd      0x200016b0        0x8 build/heap_2.o
 .bss.xHeapHasBeenInitialised.7119
                0x200016b8        0x4 build/heap_2.o
 .bss.ucMaxSysCallPriority
                0x200016bc        0x1 build/port.o
 *fill*         0x200016bd        0x3 
 .bss.ulMaxPRIGROUPValue
                0x200016c0        0x4 build/port.o
 .bss.xNumOfOverflows
                0x200016c4        0x4 build/tasks.o
 .bss.pxDelayedTaskList
                0x200016c8        0x4 build/tasks.o
 .bss.xSchedulerRunning
                0x200016cc        0x4 build/tasks.o
 .bss.xTasksWaitingTermination
                0x200016d0       0x14 build/tasks.o
 .bss.pxOverflowDelayedTaskList
                0x200016e4        0x4 build/tasks.o
 .bss.uxPendedTicks
                0x200016e8        0x4 build/tasks.o
 .bss.pxReadyTasksLists
                0x200016ec       0x64 build/tasks.o
 .bss.uxSchedulerSuspended
                0x20001750        0x4 build/tasks.o
 .bss.uxDeletedTasksWaitingCleanUp
                0x20001754        0x4 build/tasks.o
 .bss.uxCurrentNumberOfTasks
                0x20001758        0x4 build/tasks.o
 .bss.pxCurrentTCB
                0x2000175c        0x4 build/tasks.o
                0x2000175c                pxCurrentTCB
 .bss.xPendingReadyList
                0x20001760       0x14 build/tasks.o
 .bss.xIdleTaskHandle
                0x20001774        0x4 build/tasks.o
 .bss.xTickCount
                0x20001778        0x4 build/tasks.o
 .bss.xNextTaskUnblockTime
                0x2000177c        0x4 build/tasks.o
 .bss.uxTaskNumber
                0x20001780        0x4 build/tasks.o
 .bss.xDelayedTaskList1
                0x20001784       0x14 build/tasks.o
 .bss.xDelayedTaskList2
                0x20001798       0x14 build/tasks.o
 .bss.xSuspendedTaskList
                0x200017ac       0x14 build/tasks.o
 .bss.uxTopReadyPriority
                0x200017c0        0x4 build/tasks.o
 .bss.xYieldPending
                0x200017c4        0x4 build/tasks.o
 .bss.onenetContex
                0x200017c8       0xf8 build/onenet.o
 .bss.Uart3_Sndbuf
                0x200018c0      0x408 build/uart.o
 .bss.Uart1_Rsvbuf
                0x20001cc8      0x408 build/uart.o
 .bss.Uart3_Rsvbuf
                0x200020d0      0x408 build/uart.o
 .bss.Uart1_Sndbuf
                0x200024d8      0x408 build/uart.o
 .bss.__malloc_sbrk_start
                0x200028e0        0x4 d:/gcc-arm-none-eabi-5_4-2016q3-20160926-win32/bin/../lib/gcc/arm-none-eabi/5.4.1/../../../../arm-none-eabi/lib/armv7e-m/fpu\libc_nano.a(lib_a-nano-mallocr.o)
                0x200028e0                __malloc_sbrk_start
 .bss.__malloc_free_list
                0x200028e4        0x4 d:/gcc-arm-none-eabi-5_4-2016q3-20160926-win32/bin/../lib/gcc/arm-none-eabi/5.4.1/../../../../arm-none-eabi/lib/armv7e-m/fpu\libc_nano.a(lib_a-nano-mallocr.o)
                0x200028e4                __malloc_free_list
 .bss.__tzname_dst
                0x200028e8        0xb d:/gcc-arm-none-eabi-5_4-2016q3-20160926-win32/bin/../lib/gcc/arm-none-eabi/5.4.1/../../../../arm-none-eabi/lib/armv7e-m/fpu\libc_nano.a(lib_a-tzset_r.o)
 .bss.__tzname_std
                0x200028f3        0xb d:/gcc-arm-none-eabi-5_4-2016q3-20160926-win32/bin/../lib/gcc/arm-none-eabi/5.4.1/../../../../arm-none-eabi/lib/armv7e-m/fpu\libc_nano.a(lib_a-tzset_r.o)
 *fill*         0x200028fe        0x2 
 .bss.prev_tzenv
                0x20002900        0x4 d:/gcc-arm-none-eabi-5_4-2016q3-20160926-win32/bin/../lib/gcc/arm-none-eabi/5.4.1/../../../../arm-none-eabi/lib/armv7e-m/fpu\libc_nano.a(lib_a-tzset_r.o)
 .bss._daylight
                0x20002904        0x4 d:/gcc-arm-none-eabi-5_4-2016q3-20160926-win32/bin/../lib/gcc/arm-none-eabi/5.4.1/../../../../arm-none-eabi/lib/armv7e-m/fpu\libc_nano.a(lib_a-tzvars.o)
                0x20002904                _daylight
 .bss._timezone
                0x20002908        0x4 d:/gcc-arm-none-eabi-5_4-2016q3-20160926-win32/bin/../lib/gcc/arm-none-eabi/5.4.1/../../../../arm-none-eabi/lib/armv7e-m/fpu\libc_nano.a(lib_a-tzvars.o)
                0x20002908                _timezone
 .bss.initial_env
                0x2000290c        0x4 d:/gcc-arm-none-eabi-5_4-2016q3-20160926-win32/bin/../lib/gcc/arm-none-eabi/5.4.1/../../../../arm-none-eabi/lib/armv7e-m/fpu\libc_nano.a(lib_a-environ.o)
 .bss.heap_end.4169
                0x20002910        0x4 d:/gcc-arm-none-eabi-5_4-2016q3-20160926-win32/bin/../lib/gcc/arm-none-eabi/5.4.1/../../../../arm-none-eabi/lib/armv7e-m/fpu\libnosys.a(sbrk.o)
 *(COMMON)
 COMMON         0x20002914       0x40 build/onenet.o
                0x20002914                g_cmdid
 COMMON         0x20002954       0x24 build/sim800.o
                0x20002954                Sim800GPRS
 COMMON         0x20002978        0x4 d:/gcc-arm-none-eabi-5_4-2016q3-20160926-win32/bin/../lib/gcc/arm-none-eabi/5.4.1/../../../../arm-none-eabi/lib/armv7e-m/fpu\libc_nano.a(lib_a-reent.o)
                0x20002978                errno
                0x2000297c                . = ALIGN (0x4)
                0x2000297c                _ebss = .
                0x2000297c                __bss_end__ = _ebss

._user_heap_stack
                0x2000297c      0x124 load address 0x080093e0
                0x20002980                . = ALIGN (0x8)
 *fill*         0x2000297c        0x4 
                0x20002980                PROVIDE (end, .)
                [!provide]                PROVIDE (_end, .)
                0x200029a0                . = (. + _Min_Heap_Size)
 *fill*         0x20002980       0x20 
                0x20002aa0                . = (. + _Min_Stack_Size)
 *fill*         0x200029a0      0x100 
                0x20002aa0                . = ALIGN (0x8)

/DISCARD/
 libc.a(*)
 libm.a(*)
 libgcc.a(*)

.ARM.attributes
                0x00000000       0x30
 *(.ARM.attributes)
 .ARM.attributes
                0x00000000       0x22 d:/gcc-arm-none-eabi-5_4-2016q3-20160926-win32/bin/../lib/gcc/arm-none-eabi/5.4.1/armv7e-m/fpu/crti.o
 .ARM.attributes
                0x00000022       0x34 d:/gcc-arm-none-eabi-5_4-2016q3-20160926-win32/bin/../lib/gcc/arm-none-eabi/5.4.1/armv7e-m/fpu/crtbegin.o
 .ARM.attributes
                0x00000056       0x39 build/system_stm32f37x.o
 .ARM.attributes
                0x0000008f       0x39 build/list.o
 .ARM.attributes
                0x000000c8       0x39 build/heap_2.o
 .ARM.attributes
                0x00000101       0x39 build/port.o
 .ARM.attributes
                0x0000013a       0x39 build/tasks.o
 .ARM.attributes
                0x00000173       0x39 build/mqtt.o
 .ARM.attributes
                0x000001ac       0x39 build/mqtt_buffer.o
 .ARM.attributes
                0x000001e5       0x39 build/utils.o
 .ARM.attributes
                0x0000021e       0x39 build/stm32f37x_flash.o
 .ARM.attributes
                0x00000257       0x39 build/stm32f37x_gpio.o
 .ARM.attributes
                0x00000290       0x39 build/stm32f37x_misc.o
 .ARM.attributes
                0x000002c9       0x39 build/stm32f37x_rcc.o
 .ARM.attributes
                0x00000302       0x39 build/stm32f37x_usart.o
 .ARM.attributes
                0x0000033b       0x39 build/flash.o
 .ARM.attributes
                0x00000374       0x39 build/gpio.o
 .ARM.attributes
                0x000003ad       0x39 build/gps.o
 .ARM.attributes
                0x000003e6       0x39 build/main.o
 .ARM.attributes
                0x0000041f       0x39 build/onenet.o
 .ARM.attributes
                0x00000458       0x39 build/sim800.o
 .ARM.attributes
                0x00000491       0x39 build/stm32f37x_it.o
 .ARM.attributes
                0x000004ca       0x39 build/uart.o
 .ARM.attributes
                0x00000503       0x21 build/startup_stm32f37x.o
 .ARM.attributes
                0x00000524       0x34 d:/gcc-arm-none-eabi-5_4-2016q3-20160926-win32/bin/../lib/gcc/arm-none-eabi/5.4.1/../../../../arm-none-eabi/lib/armv7e-m/fpu\libc_nano.a(lib_a-atof.o)
 .ARM.attributes
                0x00000558       0x34 d:/gcc-arm-none-eabi-5_4-2016q3-20160926-win32/bin/../lib/gcc/arm-none-eabi/5.4.1/../../../../arm-none-eabi/lib/armv7e-m/fpu\libc_nano.a(lib_a-atoi.o)
 .ARM.attributes
                0x0000058c       0x34 d:/gcc-arm-none-eabi-5_4-2016q3-20160926-win32/bin/../lib/gcc/arm-none-eabi/5.4.1/../../../../arm-none-eabi/lib/armv7e-m/fpu\libc_nano.a(lib_a-bcmp.o)
 .ARM.attributes
                0x000005c0       0x34 d:/gcc-arm-none-eabi-5_4-2016q3-20160926-win32/bin/../lib/gcc/arm-none-eabi/5.4.1/../../../../arm-none-eabi/lib/armv7e-m/fpu\libc_nano.a(lib_a-gmtime_r.o)
 .ARM.attributes
                0x000005f4       0x34 d:/gcc-arm-none-eabi-5_4-2016q3-20160926-win32/bin/../lib/gcc/arm-none-eabi/5.4.1/../../../../arm-none-eabi/lib/armv7e-m/fpu\libc_nano.a(lib_a-impure.o)
 .ARM.attributes
                0x00000628       0x34 d:/gcc-arm-none-eabi-5_4-2016q3-20160926-win32/bin/../lib/gcc/arm-none-eabi/5.4.1/../../../../arm-none-eabi/lib/armv7e-m/fpu\libc_nano.a(lib_a-init.o)
 .ARM.attributes
                0x0000065c       0x34 d:/gcc-arm-none-eabi-5_4-2016q3-20160926-win32/bin/../lib/gcc/arm-none-eabi/5.4.1/../../../../arm-none-eabi/lib/armv7e-m/fpu\libc_nano.a(lib_a-lcltime.o)
 .ARM.attributes
                0x00000690       0x34 d:/gcc-arm-none-eabi-5_4-2016q3-20160926-win32/bin/../lib/gcc/arm-none-eabi/5.4.1/../../../../arm-none-eabi/lib/armv7e-m/fpu\libc_nano.a(lib_a-lcltime_r.o)
 .ARM.attributes
                0x000006c4       0x34 d:/gcc-arm-none-eabi-5_4-2016q3-20160926-win32/bin/../lib/gcc/arm-none-eabi/5.4.1/../../../../arm-none-eabi/lib/armv7e-m/fpu\libc_nano.a(lib_a-locale.o)
 .ARM.attributes
                0x000006f8       0x34 d:/gcc-arm-none-eabi-5_4-2016q3-20160926-win32/bin/../lib/gcc/arm-none-eabi/5.4.1/../../../../arm-none-eabi/lib/armv7e-m/fpu\libc_nano.a(lib_a-malloc.o)
 .ARM.attributes
                0x0000072c       0x34 d:/gcc-arm-none-eabi-5_4-2016q3-20160926-win32/bin/../lib/gcc/arm-none-eabi/5.4.1/../../../../arm-none-eabi/lib/armv7e-m/fpu\libc_nano.a(lib_a-mbtowc_r.o)
 .ARM.attributes
                0x00000760       0x34 d:/gcc-arm-none-eabi-5_4-2016q3-20160926-win32/bin/../lib/gcc/arm-none-eabi/5.4.1/../../../../arm-none-eabi/lib/armv7e-m/fpu\libc_nano.a(lib_a-memcmp.o)
 .ARM.attributes
                0x00000794       0x34 d:/gcc-arm-none-eabi-5_4-2016q3-20160926-win32/bin/../lib/gcc/arm-none-eabi/5.4.1/../../../../arm-none-eabi/lib/armv7e-m/fpu\libc_nano.a(lib_a-memcpy-stub.o)
 .ARM.attributes
                0x000007c8       0x34 d:/gcc-arm-none-eabi-5_4-2016q3-20160926-win32/bin/../lib/gcc/arm-none-eabi/5.4.1/../../../../arm-none-eabi/lib/armv7e-m/fpu\libc_nano.a(lib_a-memmove.o)
 .ARM.attributes
                0x000007fc       0x34 d:/gcc-arm-none-eabi-5_4-2016q3-20160926-win32/bin/../lib/gcc/arm-none-eabi/5.4.1/../../../../arm-none-eabi/lib/armv7e-m/fpu\libc_nano.a(lib_a-memset.o)
 .ARM.attributes
                0x00000830       0x34 d:/gcc-arm-none-eabi-5_4-2016q3-20160926-win32/bin/../lib/gcc/arm-none-eabi/5.4.1/../../../../arm-none-eabi/lib/armv7e-m/fpu\libc_nano.a(lib_a-month_lengths.o)
 .ARM.attributes
                0x00000864       0x34 d:/gcc-arm-none-eabi-5_4-2016q3-20160926-win32/bin/../lib/gcc/arm-none-eabi/5.4.1/../../../../arm-none-eabi/lib/armv7e-m/fpu\libc_nano.a(lib_a-nano-freer.o)
 .ARM.attributes
                0x00000898       0x34 d:/gcc-arm-none-eabi-5_4-2016q3-20160926-win32/bin/../lib/gcc/arm-none-eabi/5.4.1/../../../../arm-none-eabi/lib/armv7e-m/fpu\libc_nano.a(lib_a-nano-mallocr.o)
 .ARM.attributes
                0x000008cc       0x34 d:/gcc-arm-none-eabi-5_4-2016q3-20160926-win32/bin/../lib/gcc/arm-none-eabi/5.4.1/../../../../arm-none-eabi/lib/armv7e-m/fpu\libc_nano.a(lib_a-printf.o)
 .ARM.attributes
                0x00000900       0x34 d:/gcc-arm-none-eabi-5_4-2016q3-20160926-win32/bin/../lib/gcc/arm-none-eabi/5.4.1/../../../../arm-none-eabi/lib/armv7e-m/fpu\libc_nano.a(lib_a-putchar.o)
 .ARM.attributes
                0x00000934       0x34 d:/gcc-arm-none-eabi-5_4-2016q3-20160926-win32/bin/../lib/gcc/arm-none-eabi/5.4.1/../../../../arm-none-eabi/lib/armv7e-m/fpu\libc_nano.a(lib_a-puts.o)
 .ARM.attributes
                0x00000968       0x34 d:/gcc-arm-none-eabi-5_4-2016q3-20160926-win32/bin/../lib/gcc/arm-none-eabi/5.4.1/../../../../arm-none-eabi/lib/armv7e-m/fpu\libc_nano.a(lib_a-sbrkr.o)
 .ARM.attributes
                0x0000099c       0x34 d:/gcc-arm-none-eabi-5_4-2016q3-20160926-win32/bin/../lib/gcc/arm-none-eabi/5.4.1/../../../../arm-none-eabi/lib/armv7e-m/fpu\libc_nano.a(lib_a-sprintf.o)
 .ARM.attributes
                0x000009d0       0x34 d:/gcc-arm-none-eabi-5_4-2016q3-20160926-win32/bin/../lib/gcc/arm-none-eabi/5.4.1/../../../../arm-none-eabi/lib/armv7e-m/fpu\libc_nano.a(lib_a-strchr.o)
 .ARM.attributes
                0x00000a04       0x20 d:/gcc-arm-none-eabi-5_4-2016q3-20160926-win32/bin/../lib/gcc/arm-none-eabi/5.4.1/../../../../arm-none-eabi/lib/armv7e-m/fpu\libc_nano.a(lib_a-strcmp.o)
 .ARM.attributes
                0x00000a24       0x34 d:/gcc-arm-none-eabi-5_4-2016q3-20160926-win32/bin/../lib/gcc/arm-none-eabi/5.4.1/../../../../arm-none-eabi/lib/armv7e-m/fpu\libc_nano.a(lib_a-strcpy.o)
 .ARM.attributes
                0x00000a58       0x1b d:/gcc-arm-none-eabi-5_4-2016q3-20160926-win32/bin/../lib/gcc/arm-none-eabi/5.4.1/../../../../arm-none-eabi/lib/armv7e-m/fpu\libc_nano.a(lib_a-strlen.o)
 .ARM.attributes
                0x00000a73       0x34 d:/gcc-arm-none-eabi-5_4-2016q3-20160926-win32/bin/../lib/gcc/arm-none-eabi/5.4.1/../../../../arm-none-eabi/lib/armv7e-m/fpu\libc_nano.a(lib_a-strncmp.o)
 .ARM.attributes
                0x00000aa7       0x34 d:/gcc-arm-none-eabi-5_4-2016q3-20160926-win32/bin/../lib/gcc/arm-none-eabi/5.4.1/../../../../arm-none-eabi/lib/armv7e-m/fpu\libc_nano.a(lib_a-strstr.o)
 .ARM.attributes
                0x00000adb       0x34 d:/gcc-arm-none-eabi-5_4-2016q3-20160926-win32/bin/../lib/gcc/arm-none-eabi/5.4.1/../../../../arm-none-eabi/lib/armv7e-m/fpu\libc_nano.a(lib_a-strtod.o)
 .ARM.attributes
                0x00000b0f       0x34 d:/gcc-arm-none-eabi-5_4-2016q3-20160926-win32/bin/../lib/gcc/arm-none-eabi/5.4.1/../../../../arm-none-eabi/lib/armv7e-m/fpu\libc_nano.a(lib_a-strtok.o)
 .ARM.attributes
                0x00000b43       0x34 d:/gcc-arm-none-eabi-5_4-2016q3-20160926-win32/bin/../lib/gcc/arm-none-eabi/5.4.1/../../../../arm-none-eabi/lib/armv7e-m/fpu\libc_nano.a(lib_a-strtok_r.o)
 .ARM.attributes
                0x00000b77       0x34 d:/gcc-arm-none-eabi-5_4-2016q3-20160926-win32/bin/../lib/gcc/arm-none-eabi/5.4.1/../../../../arm-none-eabi/lib/armv7e-m/fpu\libc_nano.a(lib_a-strtol.o)
 .ARM.attributes
                0x00000bab       0x34 d:/gcc-arm-none-eabi-5_4-2016q3-20160926-win32/bin/../lib/gcc/arm-none-eabi/5.4.1/../../../../arm-none-eabi/lib/armv7e-m/fpu\libc_nano.a(lib_a-strtoul.o)
 .ARM.attributes
                0x00000bdf       0x34 d:/gcc-arm-none-eabi-5_4-2016q3-20160926-win32/bin/../lib/gcc/arm-none-eabi/5.4.1/../../../../arm-none-eabi/lib/armv7e-m/fpu\libc_nano.a(lib_a-tzcalc_limits.o)
 .ARM.attributes
                0x00000c13       0x34 d:/gcc-arm-none-eabi-5_4-2016q3-20160926-win32/bin/../lib/gcc/arm-none-eabi/5.4.1/../../../../arm-none-eabi/lib/armv7e-m/fpu\libc_nano.a(lib_a-tzlock.o)
 .ARM.attributes
                0x00000c47       0x34 d:/gcc-arm-none-eabi-5_4-2016q3-20160926-win32/bin/../lib/gcc/arm-none-eabi/5.4.1/../../../../arm-none-eabi/lib/armv7e-m/fpu\libc_nano.a(lib_a-tzset.o)
 .ARM.attributes
                0x00000c7b       0x34 d:/gcc-arm-none-eabi-5_4-2016q3-20160926-win32/bin/../lib/gcc/arm-none-eabi/5.4.1/../../../../arm-none-eabi/lib/armv7e-m/fpu\libc_nano.a(lib_a-tzset_r.o)
 .ARM.attributes
                0x00000caf       0x34 d:/gcc-arm-none-eabi-5_4-2016q3-20160926-win32/bin/../lib/gcc/arm-none-eabi/5.4.1/../../../../arm-none-eabi/lib/armv7e-m/fpu\libc_nano.a(lib_a-tzvars.o)
 .ARM.attributes
                0x00000ce3       0x34 d:/gcc-arm-none-eabi-5_4-2016q3-20160926-win32/bin/../lib/gcc/arm-none-eabi/5.4.1/../../../../arm-none-eabi/lib/armv7e-m/fpu\libc_nano.a(lib_a-wbuf.o)
 .ARM.attributes
                0x00000d17       0x34 d:/gcc-arm-none-eabi-5_4-2016q3-20160926-win32/bin/../lib/gcc/arm-none-eabi/5.4.1/../../../../arm-none-eabi/lib/armv7e-m/fpu\libc_nano.a(lib_a-wctomb_r.o)
 .ARM.attributes
                0x00000d4b       0x34 d:/gcc-arm-none-eabi-5_4-2016q3-20160926-win32/bin/../lib/gcc/arm-none-eabi/5.4.1/../../../../arm-none-eabi/lib/armv7e-m/fpu\libc_nano.a(lib_a-wsetup.o)
 .ARM.attributes
                0x00000d7f       0x34 d:/gcc-arm-none-eabi-5_4-2016q3-20160926-win32/bin/../lib/gcc/arm-none-eabi/5.4.1/../../../../arm-none-eabi/lib/armv7e-m/fpu\libc_nano.a(lib_a-ctype_.o)
 .ARM.attributes
                0x00000db3       0x34 d:/gcc-arm-none-eabi-5_4-2016q3-20160926-win32/bin/../lib/gcc/arm-none-eabi/5.4.1/../../../../arm-none-eabi/lib/armv7e-m/fpu\libc_nano.a(lib_a-fflush.o)
 .ARM.attributes
                0x00000de7       0x34 d:/gcc-arm-none-eabi-5_4-2016q3-20160926-win32/bin/../lib/gcc/arm-none-eabi/5.4.1/../../../../arm-none-eabi/lib/armv7e-m/fpu\libc_nano.a(lib_a-findfp.o)
 .ARM.attributes
                0x00000e1b       0x34 d:/gcc-arm-none-eabi-5_4-2016q3-20160926-win32/bin/../lib/gcc/arm-none-eabi/5.4.1/../../../../arm-none-eabi/lib/armv7e-m/fpu\libc_nano.a(lib_a-fwalk.o)
 .ARM.attributes
                0x00000e4f       0x34 d:/gcc-arm-none-eabi-5_4-2016q3-20160926-win32/bin/../lib/gcc/arm-none-eabi/5.4.1/../../../../arm-none-eabi/lib/armv7e-m/fpu\libc_nano.a(lib_a-gdtoa-gethex.o)
 .ARM.attributes
                0x00000e83       0x34 d:/gcc-arm-none-eabi-5_4-2016q3-20160926-win32/bin/../lib/gcc/arm-none-eabi/5.4.1/../../../../arm-none-eabi/lib/armv7e-m/fpu\libc_nano.a(lib_a-gdtoa-hexnan.o)
 .ARM.attributes